[
  {
    "Value": 0
  },
  {
    "Value": 3
  },
  {
    "Value": 6
  },
  {
    "Value": 9
  },
  {
    "Value": 12
  },
  {
    "Value": 15
  },
  {
    "Value": 18
  },
  {
    "Value": 21
  },
  {
    "Value": 25
  },
  {
    "Value": 28
  },
  {
    "Value": 31
  },
  {
    "Value": 34
  },
  {
    "Value": 37
  },
  {
    "Value": 40
  },
  {
    "Value": 43
  },
  {
    "Value": 46
  },
  {
    "Value": 50
  },
  {
    "Value": 53
  },
  {
    "Value": 56
  },
  {
    "Value": 59
  },
  {
    "Value": 62
  },
  {
    "Value": 65
  },
  {
    "Value": 68
  },
  {
    "Value": 71
  },
  {
    "Value": 75
  },
  {
    "Value": 78
  },
  {
    "Value": 81
  },
  {
    "Value": 84
  },
  {
    "Value": 87
  },
  {
    "Value": 90
  },
  {
    "Value": 93
  },
  {
    "Value": 96
  },
  {
    "Value": 100
  }
]
