[
  " ",
  "A",
  "A",
  "A",
  " ",
  "A",
  " ",
  "A",
  "A",
  " ",
  "A",
  "A",
  " ",
  "A",
  " ",
  " ",
  "A",
  "A",
  " ",
  " ",
  " ",
  "C",
  "A",
  "D",
  "B",
  "B",
  "B",
  "D",
  "A",
  "B",
  "C",
  "E",
  "E",
  " ",
  "A",
  "C",
  "C",
  "C",
  "A",
  "E",
  "A",
  "G",
  "G",
  "H",
  "J",
  "E",
  "A",
  "B",
  "C",
  "D",
  "I",
  "F",
  "I",
  "J",
  "I",
  "B",
  "I",
  "J",
  "D",
  "I",
  "<control>",
  "|",
  "j",
  ":",
  "S",
  "2",
  "|",
  "D",
  "<control>",
  ";",
  "t",
  "p",
  "<control>",
  "f",
  "O",
  "8",
  "+",
  "<",
  "~",
  "<control>",
  "´",
  "<control>",
  ":",
  "Ý",
  "q",
  "~",
  "<control>",
  "<control>",
  "<control>",
  "§",
  "&",
  ">",
  "<control>",
  "²",
  "ü",
  " ",
  "å",
  "<control>",
  "<control>",
  "<control>"
]
