[
  " ",
  " ",
  " ",
  "a",
  " ",
  " ",
  "a",
  "a",
  "a",
  " ",
  " ",
  "a",
  " ",
  "a",
  "a",
  "a",
  "a",
  " ",
  " ",
  "a",
  "c",
  "a",
  " ",
  "d",
  "e",
  "a",
  "e",
  "b",
  "a",
  "c",
  "c",
  "c",
  "b",
  " ",
  "b",
  "a",
  "e",
  "c",
  " ",
  " ",
  "f",
  "e",
  "i",
  "b",
  "f",
  "c",
  "d",
  "d",
  "e",
  "c",
  "g",
  "c",
  "h",
  "b",
  "j",
  "h",
  "d",
  "b",
  "h",
  "c",
  "&",
  "A",
  "<control>",
  "q",
  ")",
  "<control>",
  "1",
  " ",
  "-",
  "Y",
  "<control>",
  "Y",
  "B",
  "P",
  "s",
  "D",
  "E",
  ":",
  "U",
  "<control>",
  "Y",
  "<control>",
  "N",
  "E",
  "<control>",
  "<control>",
  "<control>",
  "¦",
  "<control>",
  "<control>",
  "<control>",
  "<control>",
  "<control>",
  "-",
  "<control>",
  "È",
  "b",
  "<control>",
  "^",
  "¼"
]
