[
  " ",
  "a",
  "a",
  " ",
  "a",
  "a",
  " ",
  "a",
  "a",
  " ",
  "a",
  "a",
  " ",
  "a",
  " ",
  " ",
  "a",
  "a",
  "a",
  "a",
  "d",
  " ",
  "d",
  "d",
  "a",
  "c",
  "a",
  "d",
  "a",
  "d",
  "c",
  "a",
  "d",
  " ",
  " ",
  "d",
  "b",
  "a",
  " ",
  "b",
  "c",
  "i",
  "h",
  "g",
  "e",
  " ",
  "d",
  "c",
  "a",
  "h",
  "j",
  "<control>",
  "c",
  "b",
  "i",
  "j",
  "j",
  "c",
  "b",
  "e",
  "4",
  ">",
  "C",
  "5",
  "j",
  "<control>",
  "\"",
  "c",
  "J",
  "-",
  "3",
  "<control>",
  "}",
  "X",
  "<control>",
  "=",
  "<control>",
  "~",
  "<control>",
  "s",
  "a",
  "<control>",
  "B",
  "ó",
  "Ó",
  ")",
  "<control>",
  "<control>",
  "<control>",
  "G",
  "g",
  "S",
  "<control>",
  "<control>",
  "<control>",
  "<control>",
  "<control>",
  "·",
  "<control>",
  "<control>"
]
