[
  " ",
  "A",
  "A",
  " ",
  "A",
  "A",
  " ",
  "A",
  "A",
  " ",
  "A",
  "A",
  " ",
  "A",
  " ",
  " ",
  "A",
  "A",
  "A",
  "A",
  "D",
  " ",
  "D",
  "D",
  "A",
  "C",
  "A",
  "D",
  "A",
  "D",
  "C",
  "A",
  "D",
  " ",
  " ",
  "D",
  "B",
  "A",
  " ",
  "B",
  "C",
  "I",
  "H",
  "G",
  "E",
  " ",
  "D",
  "C",
  "A",
  "H",
  "J",
  "<control>",
  "C",
  "B",
  "I",
  "J",
  "J",
  "C",
  "B",
  "E",
  "4",
  ">",
  "c",
  "5",
  "J",
  "<control>",
  "\"",
  "C",
  "j",
  "-",
  "3",
  "<control>",
  "}",
  "x",
  "<control>",
  "=",
  "<control>",
  "~",
  "<control>",
  "S",
  "A",
  "<control>",
  "b",
  "ó",
  "Ó",
  ")",
  "<control>",
  "<control>",
  "<control>",
  "g",
  "G",
  "s",
  "<control>",
  "<control>",
  "<control>",
  "<control>",
  "<control>",
  "·",
  "<control>",
  "<control>"
]
