[
  " ",
  "a",
  "a",
  "a",
  " ",
  "a",
  " ",
  "a",
  "a",
  " ",
  "a",
  "a",
  " ",
  "a",
  " ",
  " ",
  "a",
  "a",
  " ",
  " ",
  " ",
  "c",
  "a",
  "d",
  "b",
  "b",
  "b",
  "d",
  "a",
  "b",
  "c",
  "e",
  "e",
  " ",
  "a",
  "c",
  "c",
  "c",
  "a",
  "e",
  "a",
  "g",
  "g",
  "h",
  "j",
  "e",
  "a",
  "b",
  "c",
  "d",
  "i",
  "f",
  "i",
  "j",
  "i",
  "b",
  "i",
  "j",
  "d",
  "i",
  "<control>",
  "|",
  "J",
  ":",
  "s",
  "2",
  "|",
  "d",
  "<control>",
  ";",
  "T",
  "P",
  "<control>",
  "F",
  "o",
  "8",
  "+",
  "<",
  "~",
  "<control>",
  "´",
  "<control>",
  ":",
  "Ý",
  "Q",
  "~",
  "<control>",
  "<control>",
  "<control>",
  "§",
  "&",
  ">",
  "<control>",
  "²",
  "ü",
  " ",
  "å",
  "<control>",
  "<control>",
  "<control>"
]
