* (Id = 72, Distance = 28.2353...)
├>   (Id = 0, Distance = 0)
├> j (Id = 36, Distance = 14.1176...)
|  ├> A (Id = 1, Distance = 0.3922...)
|  ├> S (Id = 19, Distance = 7.4510...)
|  |  ├> B (Id = 2, Distance = 0.7843...)
|  |  ├> K (Id = 11, Distance = 4.3137...)
|  |  |  ├> C (Id = 3, Distance = 1.1765...)
|  |  |  ├> G (Id = 7, Distance = 2.7451...)
|  |  |  |  ├> D (Id = 4, Distance = 1.5686...)
|  |  |  |  └> F (Id = 6, Distance = 2.3529...)
|  |  |  |     └> E (Id = 5, Distance = 1.9608...)
|  |  |  ├> I (Id = 9, Distance = 3.5294...)
|  |  |  |  └> H (Id = 8, Distance = 3.1373...)
|  |  |  └> J (Id = 10, Distance = 3.9216...)
|  |  ├> O (Id = 15, Distance = 5.8824...)
|  |  |  ├> L (Id = 12, Distance = 4.7059...)
|  |  |  └> N (Id = 14, Distance = 5.4902...)
|  |  |     └> M (Id = 13, Distance = 5.0980...)
|  |  ├> Q (Id = 17, Distance = 6.6667...)
|  |  |  └> P (Id = 16, Distance = 6.2745...)
|  |  └> R (Id = 18, Distance = 7.0588...)
|  ├> b (Id = 28, Distance = 10.9804...)
|  |  ├> T (Id = 20, Distance = 7.8431...)
|  |  ├> X (Id = 24, Distance = 9.4118...)
|  |  |  ├> U (Id = 21, Distance = 8.2353...)
|  |  |  └> W (Id = 23, Distance = 9.0196...)
|  |  |     └> V (Id = 22, Distance = 8.6275...)
|  |  ├> Z (Id = 26, Distance = 10.1961...)
|  |  |  └> Y (Id = 25, Distance = 9.8039...)
|  |  └> a (Id = 27, Distance = 10.5882...)
|  ├> f (Id = 32, Distance = 12.5490...)
|  |  ├> c (Id = 29, Distance = 11.3725...)
|  |  └> e (Id = 31, Distance = 12.1569...)
|  |     └> d (Id = 30, Distance = 11.7647...)
|  ├> h (Id = 34, Distance = 13.3333...)
|  |  └> g (Id = 33, Distance = 12.9412...)
|  └> i (Id = 35, Distance = 13.7255...)
├> 1 (Id = 54, Distance = 21.1765...)
|  ├> k (Id = 37, Distance = 14.5098...)
|  ├> t (Id = 46, Distance = 18.0392...)
|  |  ├> l (Id = 38, Distance = 14.9020...)
|  |  ├> p (Id = 42, Distance = 16.4706...)
|  |  |  ├> m (Id = 39, Distance = 15.2941...)
|  |  |  └> o (Id = 41, Distance = 16.0784...)
|  |  |     └> n (Id = 40, Distance = 15.6863...)
|  |  ├> r (Id = 44, Distance = 17.2549...)
|  |  |  └> q (Id = 43, Distance = 16.8627...)
|  |  └> s (Id = 45, Distance = 17.6471...)
|  ├> x (Id = 50, Distance = 19.6078...)
|  |  ├> u (Id = 47, Distance = 18.4314...)
|  |  └> w (Id = 49, Distance = 19.2157...)
|  |     └> v (Id = 48, Distance = 18.8235...)
|  ├> z (Id = 52, Distance = 20.3922...)
|  |  └> y (Id = 51, Distance = 20.0)
|  └> 0 (Id = 53, Distance = 20.7843...)
├> ! (Id = 63, Distance = 24.7059...)
|  ├> 2 (Id = 55, Distance = 21.5686...)
|  ├> 6 (Id = 59, Distance = 23.1373...)
|  |  ├> 3 (Id = 56, Distance = 21.9608...)
|  |  └> 5 (Id = 58, Distance = 22.7451...)
|  |     └> 4 (Id = 57, Distance = 22.3529...)
|  ├> 8 (Id = 61, Distance = 23.9216...)
|  |  └> 7 (Id = 60, Distance = 23.5294...)
|  └> 9 (Id = 62, Distance = 24.3137...)
├> & (Id = 68, Distance = 26.6667...)
|  ├> " (Id = 64, Distance = 25.0980...)
|  ├> $ (Id = 66, Distance = 25.8824...)
|  |  └> # (Id = 65, Distance = 25.4902...)
|  └> % (Id = 67, Distance = 26.2745...)
├> ( (Id = 70, Distance = 27.4510...)
|  └> ' (Id = 69, Distance = 27.0588...)
└> ) (Id = 71, Distance = 27.8431...)
