[
  " ",
  " ",
  "a",
  " ",
  "a",
  "a",
  " ",
  "a",
  " ",
  "a",
  " ",
  "a",
  " ",
  "a",
  "a",
  " ",
  " ",
  " ",
  " ",
  "a",
  "e",
  "b",
  "c",
  "a",
  "d",
  "c",
  "b",
  "d",
  "d",
  " ",
  " ",
  "c",
  "b",
  " ",
  "a",
  " ",
  "c",
  "e",
  "c",
  "a",
  "g",
  "b",
  "b",
  "g",
  "b",
  "c",
  "c",
  "b",
  "h",
  " ",
  "d",
  "d",
  "e",
  "g",
  "g",
  "g",
  "i",
  "h",
  "d",
  "a",
  "j",
  ")",
  "v",
  "<control>",
  "]",
  "z",
  "/",
  "<control>",
  ")",
  "B",
  "}",
  "Y",
  "}",
  "O",
  "<control>",
  "T",
  "T",
  "l",
  "Q",
  "<control>",
  " ",
  "<control>",
  "<control>",
  "¤",
  "&",
  "<control>",
  "À",
  "E",
  "I",
  "<control>",
  "æ",
  "<control>",
  "d",
  "<control>",
  "ù",
  "«",
  "<control>",
  "<control>",
  "<control>",
  "<control>"
]
