47 (Id = 47, Distance = 47.00)
├> 0 (Id = 0, Distance = 0)
├> 24 (Id = 24, Distance = 24.00)
|  ├> 1 (Id = 1, Distance = 1.00)
|  ├> 13 (Id = 13, Distance = 13.00)
|  |  ├> 2 (Id = 2, Distance = 2.00)
|  |  ├> 8 (Id = 8, Distance = 8.00)
|  |  |  ├> 3 (Id = 3, Distance = 3.00)
|  |  |  ├> 6 (Id = 6, Distance = 6.00)
|  |  |  |  ├> 4 (Id = 4, Distance = 4.00)
|  |  |  |  └> 5 (Id = 5, Distance = 5.00)
|  |  |  └> 7 (Id = 7, Distance = 7.00)
|  |  ├> 11 (Id = 11, Distance = 11.00)
|  |  |  ├> 9 (Id = 9, Distance = 9.00)
|  |  |  └> 10 (Id = 10, Distance = 10.0)
|  |  └> 12 (Id = 12, Distance = 12.00)
|  ├> 19 (Id = 19, Distance = 19.00)
|  |  ├> 14 (Id = 14, Distance = 14.00)
|  |  ├> 17 (Id = 17, Distance = 17.00)
|  |  |  ├> 15 (Id = 15, Distance = 15.00)
|  |  |  └> 16 (Id = 16, Distance = 16.00)
|  |  └> 18 (Id = 18, Distance = 18.00)
|  ├> 22 (Id = 22, Distance = 22.00)
|  |  ├> 20 (Id = 20, Distance = 20.0)
|  |  └> 21 (Id = 21, Distance = 21.00)
|  └> 23 (Id = 23, Distance = 23.00)
├> 36 (Id = 36, Distance = 36.00)
|  ├> 25 (Id = 25, Distance = 25.00)
|  ├> 31 (Id = 31, Distance = 31.00)
|  |  ├> 26 (Id = 26, Distance = 26.00)
|  |  ├> 29 (Id = 29, Distance = 29.00)
|  |  |  ├> 27 (Id = 27, Distance = 27.00)
|  |  |  └> 28 (Id = 28, Distance = 28.00)
|  |  └> 30 (Id = 30, Distance = 30.0)
|  ├> 34 (Id = 34, Distance = 34.00)
|  |  ├> 32 (Id = 32, Distance = 32.00)
|  |  └> 33 (Id = 33, Distance = 33.00)
|  └> 35 (Id = 35, Distance = 35.00)
├> 42 (Id = 42, Distance = 42.00)
|  ├> 37 (Id = 37, Distance = 37.00)
|  ├> 40 (Id = 40, Distance = 40.0)
|  |  ├> 38 (Id = 38, Distance = 38.00)
|  |  └> 39 (Id = 39, Distance = 39.00)
|  └> 41 (Id = 41, Distance = 41.00)
├> 45 (Id = 45, Distance = 45.00)
|  ├> 43 (Id = 43, Distance = 43.00)
|  └> 44 (Id = 44, Distance = 44.00)
└> 46 (Id = 46, Distance = 46.00)
