[
  "FallibleBooleanProperty_0",
  "FallibleBooleanPropertyAsync_0",
  "FalliblePropertyWithControlData_0",
  "FalliblePropertyWithControlData_1",
  "FalliblePropertyWithControlDataAsync_0",
  "FalliblePropertyWithControlDataAsync_1",
  "FallibleReturnedProperty_0",
  "FallibleReturnedPropertyAsync_0",
  "FallibleVoidProperty_0",
  "FallibleVoidPropertyAsync_0",
  "InfallibleBooleanProperty_0",
  "InfallibleBooleanPropertyAsync_0",
  "InfalliblePropertyWithControlData_0",
  "InfalliblePropertyWithControlData_1",
  "InfalliblePropertyWithControlDataAsync_0",
  "InfalliblePropertyWithControlDataAsync_1",
  "InfallibleReturnedProperty_0",
  "InfallibleReturnedPropertyAsync_0",
  "InfallibleVoidProperty_0",
  "InfallibleVoidPropertyAsync_0",
  "PropertyWithGenFromGenFactory_0",
  "PropertyWithGenFromGenFactoryAsync_0",
  "PropertyWithGenFromMemberGen_0",
  "PropertyWithGenFromMemberGenAsync_0",
  "SampleVoidProperty_0",
  "SampleVoidPropertyAsync_0"
]
