Outcome: Passed

Output:

{"testName":"InfallibleBooleanProperty","injectedValues":[0]}
{"testName":"InfallibleBooleanProperty","injectedValues":[1]}
{"testName":"InfallibleBooleanProperty","injectedValues":[4]}
{"testName":"InfallibleBooleanProperty","injectedValues":[5]}
{"testName":"InfallibleBooleanProperty","injectedValues":[6]}
{"testName":"InfallibleBooleanProperty","injectedValues":[6]}
{"testName":"InfallibleBooleanProperty","injectedValues":[46]}
{"testName":"InfallibleBooleanProperty","injectedValues":[100]}
{"testName":"InfallibleBooleanProperty","injectedValues":[0]}
{"testName":"InfallibleBooleanProperty","injectedValues":[58]}
