5 (Id = 5, Distance = 100)
├> 14 (Id = 14, Distance = 0)
├> 9 (Id = 9, Distance = 55.5556...)
|  ├> 11 (Id = 11, Distance = 33.3333...)
|  |  └> 12 (Id = 12, Distance = 22.2222...)
|  |     └> 13 (Id = 13, Distance = 11.1111...)
|  └> 10 (Id = 10, Distance = 44.4444...)
|     └> 12 (Id = 12, Distance = 22.2222...)
|        └> 13 (Id = 13, Distance = 11.1111...)
├> 7 (Id = 7, Distance = 77.7778...)
|  ├> 10 (Id = 10, Distance = 44.4444...)
|  |  ├> 12 (Id = 12, Distance = 22.2222...)
|  |  |  └> 13 (Id = 13, Distance = 11.1111...)
|  |  └> 11 (Id = 11, Distance = 33.3333...)
|  └> 8 (Id = 8, Distance = 66.6667...)
|     └> 11 (Id = 11, Distance = 33.3333...)
|        └> 12 (Id = 12, Distance = 22.2222...)
|           └> 13 (Id = 13, Distance = 11.1111...)
└> 6 (Id = 6, Distance = 88.8889...)
   ├> 10 (Id = 10, Distance = 44.4444...)
   |  ├> 12 (Id = 12, Distance = 22.2222...)
   |  |  └> 13 (Id = 13, Distance = 11.1111...)
   |  └> 11 (Id = 11, Distance = 33.3333...)
   └> 8 (Id = 8, Distance = 66.6667...)
      └> 11 (Id = 11, Distance = 33.3333...)
         └> 12 (Id = 12, Distance = 22.2222...)
            └> 13 (Id = 13, Distance = 11.1111...)
