(10, 14) (Id = 1968526248, Distance = 140.0)
├> (0, 4) (Id = 4, Distance = 40.0)
|  ├> (0, 0) (Id = 0, Distance = 0)
|  ├> (0, 2) (Id = 2, Distance = 20.0)
|  |  └> (0, 1) (Id = 1, Distance = 10.0)
|  └> (0, 3) (Id = 3, Distance = 30.0)
├> (5, 9) (Id = 984263126, Distance = 90.0)
|  ├> (1, 5) (Id = -1521134290, Distance = 50.0)
|  |  ├> (1, 1) (Id = 1, Distance = 0)
|  |  ├> (1, 3) (Id = 3, Distance = 20.0)
|  |  |  └> (1, 2) (Id = 2, Distance = 10.0)
|  |  └> (1, 4) (Id = 4, Distance = 30.0)
|  ├> (3, 7) (Id = -268435582, Distance = 70.0)
|  |  ├> (2, 6) (Id = 1252698712, Distance = 60.0)
|  |  |  ├> (2, 2) (Id = 2, Distance = 0)
|  |  |  ├> (2, 4) (Id = 4, Distance = 20.0)
|  |  |  |  └> (2, 3) (Id = 3, Distance = 10.0)
|  |  |  └> (2, 5) (Id = 5, Distance = 30.0)
|  |  ├> (3, 3) (Id = 3, Distance = 0)
|  |  ├> (3, 5) (Id = 5, Distance = 20.0)
|  |  |  └> (3, 4) (Id = 4, Distance = 10.0)
|  |  └> (3, 6) (Id = 6, Distance = 30.0)
|  ├> (4, 8) (Id = -1789569876, Distance = 80.0)
|  |  ├> (4, 4) (Id = 4, Distance = 0)
|  |  ├> (4, 6) (Id = 6, Distance = 20.0)
|  |  |  └> (4, 5) (Id = 5, Distance = 10.0)
|  |  └> (4, 7) (Id = 7, Distance = 30.0)
|  ├> (5, 5) (Id = 5, Distance = 0)
|  ├> (5, 7) (Id = 7, Distance = 20.0)
|  |  └> (5, 6) (Id = 6, Distance = 10.0)
|  └> (5, 8) (Id = 8, Distance = 30.0)
├> (8, 12) (Id = 715827540, Distance = 120.0)
|  ├> (6, 10) (Id = -536871168, Distance = 100.0)
|  |  ├> (6, 6) (Id = 6, Distance = 0)
|  |  ├> (6, 8) (Id = 8, Distance = 20.0)
|  |  |  └> (6, 7) (Id = 7, Distance = 10.0)
|  |  └> (6, 9) (Id = 9, Distance = 30.0)
|  ├> (7, 11) (Id = -2058005462, Distance = 110.0)
|  |  ├> (7, 7) (Id = 7, Distance = 0)
|  |  ├> (7, 9) (Id = 9, Distance = 20.0)
|  |  |  └> (7, 8) (Id = 8, Distance = 10.0)
|  |  └> (7, 10) (Id = 10, Distance = 30.0)
|  ├> (8, 8) (Id = 8, Distance = 0)
|  ├> (8, 10) (Id = 10, Distance = 20.0)
|  |  └> (8, 9) (Id = 9, Distance = 10.0)
|  └> (8, 11) (Id = 11, Distance = 30.0)
├> (9, 13) (Id = -805306754, Distance = 130.0)
|  ├> (9, 9) (Id = 9, Distance = 0)
|  ├> (9, 11) (Id = 11, Distance = 20.0)
|  |  └> (9, 10) (Id = 10, Distance = 10.0)
|  └> (9, 12) (Id = 12, Distance = 30.0)
├> (10, 10) (Id = 10, Distance = 0)
├> (10, 12) (Id = 12, Distance = 20.0)
|  └> (10, 11) (Id = 11, Distance = 10.0)
└> (10, 13) (Id = 13, Distance = 30.0)
