[0,26,18] (Id = 198667058, Distance = 72.5714...)
└> [26,18,0] (Id = -1265634293, Distance = 72.5714...)
   └> [26] (Id = 1046786639, Distance = 26.00)
      ├> [0] (Id = 1046786613, Distance = 0)
      ├> [13] (Id = 1046786626, Distance = 13.00)
      |  ├> [7] (Id = 1046786620, Distance = 7.00)
      |  |  ├> [4] (Id = 1046786617, Distance = 4.00)
      |  |  |  ├> [2] (Id = 1046786615, Distance = 2.00)
      |  |  |  |  └> [1] (Id = 1046786614, Distance = 1.00)
      |  |  |  └> [3] (Id = 1046786616, Distance = 3.00)
      |  |  └> [6] (Id = 1046786619, Distance = 6.00)
      |  |     ├> [3] (Id = 1046786616, Distance = 3.00)
      |  |     |  └> [2] (Id = 1046786615, Distance = 2.00)
      |  |     |     └> [1] (Id = 1046786614, Distance = 1.00)
      |  |     └> [5] (Id = 1046786618, Distance = 5.00)
      |  ├> [10] (Id = 1046786623, Distance = 10.0)
      |  |  ├> [5] (Id = 1046786618, Distance = 5.00)
      |  |  |  ├> [3] (Id = 1046786616, Distance = 3.00)
      |  |  |  |  └> [2] (Id = 1046786615, Distance = 2.00)
      |  |  |  |     └> [1] (Id = 1046786614, Distance = 1.00)
      |  |  |  └> [4] (Id = 1046786617, Distance = 4.00)
      |  |  |     └> [2] (Id = 1046786615, Distance = 2.00)
      |  |  |        └> [1] (Id = 1046786614, Distance = 1.00)
      |  |  ├> [8] (Id = 1046786621, Distance = 8.00)
      |  |  |  ├> [4] (Id = 1046786617, Distance = 4.00)
      |  |  |  |  ├> [2] (Id = 1046786615, Distance = 2.00)
      |  |  |  |  |  └> [1] (Id = 1046786614, Distance = 1.00)
      |  |  |  |  └> [3] (Id = 1046786616, Distance = 3.00)
      |  |  |  └> [6] (Id = 1046786619, Distance = 6.00)
      |  |  |     └> [3] (Id = 1046786616, Distance = 3.00)
      |  |  |        └> [2] (Id = 1046786615, Distance = 2.00)
      |  |  |           └> [1] (Id = 1046786614, Distance = 1.00)
      |  |  └> [9] (Id = 1046786622, Distance = 9.00)
      |  └> [12] (Id = 1046786625, Distance = 12.00)
      |     ├> [6] (Id = 1046786619, Distance = 6.00)
      |     |  ├> [3] (Id = 1046786616, Distance = 3.00)
      |     |  |  └> [2] (Id = 1046786615, Distance = 2.00)
      |     |  |     └> [1] (Id = 1046786614, Distance = 1.00)
      |     |  └> [5] (Id = 1046786618, Distance = 5.00)
      |     |     └> [4] (Id = 1046786617, Distance = 4.00)
      |     |        └> [2] (Id = 1046786615, Distance = 2.00)
      |     |           └> [1] (Id = 1046786614, Distance = 1.00)
      |     ├> [9] (Id = 1046786622, Distance = 9.00)
      |     |  ├> [5] (Id = 1046786618, Distance = 5.00)
      |     |  |  ├> [3] (Id = 1046786616, Distance = 3.00)
      |     |  |  |  └> [2] (Id = 1046786615, Distance = 2.00)
      |     |  |  |     └> [1] (Id = 1046786614, Distance = 1.00)
      |     |  |  └> [4] (Id = 1046786617, Distance = 4.00)
      |     |  |     └> [2] (Id = 1046786615, Distance = 2.00)
      |     |  |        └> [1] (Id = 1046786614, Distance = 1.00)
      |     |  └> [8] (Id = 1046786621, Distance = 8.00)
      |     |     └> [4] (Id = 1046786617, Distance = 4.00)
      |     |        ├> [2] (Id = 1046786615, Distance = 2.00)
      |     |        |  └> [1] (Id = 1046786614, Distance = 1.00)
      |     |        └> [3] (Id = 1046786616, Distance = 3.00)
      |     └> [11] (Id = 1046786624, Distance = 11.00)
      ├> [20] (Id = 1046786633, Distance = 20.0)
      |  ├> [10] (Id = 1046786623, Distance = 10.0)
      |  |  ├> [5] (Id = 1046786618, Distance = 5.00)
      |  |  |  ├> [3] (Id = 1046786616, Distance = 3.00)
      |  |  |  |  └> [2] (Id = 1046786615, Distance = 2.00)
      |  |  |  |     └> [1] (Id = 1046786614, Distance = 1.00)
      |  |  |  └> [4] (Id = 1046786617, Distance = 4.00)
      |  |  |     └> [2] (Id = 1046786615, Distance = 2.00)
      |  |  |        └> [1] (Id = 1046786614, Distance = 1.00)
      |  |  ├> [8] (Id = 1046786621, Distance = 8.00)
      |  |  |  ├> [4] (Id = 1046786617, Distance = 4.00)
      |  |  |  |  ├> [2] (Id = 1046786615, Distance = 2.00)
      |  |  |  |  |  └> [1] (Id = 1046786614, Distance = 1.00)
      |  |  |  |  └> [3] (Id = 1046786616, Distance = 3.00)
      |  |  |  ├> [6] (Id = 1046786619, Distance = 6.00)
      |  |  |  |  └> [3] (Id = 1046786616, Distance = 3.00)
      |  |  |  |     └> [2] (Id = 1046786615, Distance = 2.00)
      |  |  |  |        └> [1] (Id = 1046786614, Distance = 1.00)
      |  |  |  └> [7] (Id = 1046786620, Distance = 7.00)
      |  |  └> [9] (Id = 1046786622, Distance = 9.00)
      |  |     └> [7] (Id = 1046786620, Distance = 7.00)
      |  |        ├> [4] (Id = 1046786617, Distance = 4.00)
      |  |        |  ├> [2] (Id = 1046786615, Distance = 2.00)
      |  |        |  |  └> [1] (Id = 1046786614, Distance = 1.00)
      |  |        |  └> [3] (Id = 1046786616, Distance = 3.00)
      |  |        └> [6] (Id = 1046786619, Distance = 6.00)
      |  |           └> [3] (Id = 1046786616, Distance = 3.00)
      |  |              └> [2] (Id = 1046786615, Distance = 2.00)
      |  |                 └> [1] (Id = 1046786614, Distance = 1.00)
      |  ├> [15] (Id = 1046786628, Distance = 15.00)
      |  |  ├> [8] (Id = 1046786621, Distance = 8.00)
      |  |  |  ├> [4] (Id = 1046786617, Distance = 4.00)
      |  |  |  |  ├> [2] (Id = 1046786615, Distance = 2.00)
      |  |  |  |  |  └> [1] (Id = 1046786614, Distance = 1.00)
      |  |  |  |  └> [3] (Id = 1046786616, Distance = 3.00)
      |  |  |  ├> [6] (Id = 1046786619, Distance = 6.00)
      |  |  |  |  ├> [3] (Id = 1046786616, Distance = 3.00)
      |  |  |  |  |  └> [2] (Id = 1046786615, Distance = 2.00)
      |  |  |  |  |     └> [1] (Id = 1046786614, Distance = 1.00)
      |  |  |  |  └> [5] (Id = 1046786618, Distance = 5.00)
      |  |  |  └> [7] (Id = 1046786620, Distance = 7.00)
      |  |  ├> [12] (Id = 1046786625, Distance = 12.00)
      |  |  |  ├> [6] (Id = 1046786619, Distance = 6.00)
      |  |  |  |  ├> [3] (Id = 1046786616, Distance = 3.00)
      |  |  |  |  |  └> [2] (Id = 1046786615, Distance = 2.00)
      |  |  |  |  |     └> [1] (Id = 1046786614, Distance = 1.00)
      |  |  |  |  └> [5] (Id = 1046786618, Distance = 5.00)
      |  |  |  |     └> [4] (Id = 1046786617, Distance = 4.00)
      |  |  |  |        └> [2] (Id = 1046786615, Distance = 2.00)
      |  |  |  |           └> [1] (Id = 1046786614, Distance = 1.00)
      |  |  |  ├> [9] (Id = 1046786622, Distance = 9.00)
      |  |  |  |  ├> [5] (Id = 1046786618, Distance = 5.00)
      |  |  |  |  |  ├> [3] (Id = 1046786616, Distance = 3.00)
      |  |  |  |  |  |  └> [2] (Id = 1046786615, Distance = 2.00)
      |  |  |  |  |  |     └> [1] (Id = 1046786614, Distance = 1.00)
      |  |  |  |  |  └> [4] (Id = 1046786617, Distance = 4.00)
      |  |  |  |  |     └> [2] (Id = 1046786615, Distance = 2.00)
      |  |  |  |  |        └> [1] (Id = 1046786614, Distance = 1.00)
      |  |  |  |  └> [7] (Id = 1046786620, Distance = 7.00)
      |  |  |  |     └> [4] (Id = 1046786617, Distance = 4.00)
      |  |  |  |        ├> [2] (Id = 1046786615, Distance = 2.00)
      |  |  |  |        |  └> [1] (Id = 1046786614, Distance = 1.00)
      |  |  |  |        └> [3] (Id = 1046786616, Distance = 3.00)
      |  |  |  └> [11] (Id = 1046786624, Distance = 11.00)
      |  |  └> [14] (Id = 1046786627, Distance = 14.00)
      |  |     ├> [7] (Id = 1046786620, Distance = 7.00)
      |  |     |  ├> [4] (Id = 1046786617, Distance = 4.00)
      |  |     |  |  ├> [2] (Id = 1046786615, Distance = 2.00)
      |  |     |  |  |  └> [1] (Id = 1046786614, Distance = 1.00)
      |  |     |  |  └> [3] (Id = 1046786616, Distance = 3.00)
      |  |     |  └> [6] (Id = 1046786619, Distance = 6.00)
      |  |     |     ├> [3] (Id = 1046786616, Distance = 3.00)
      |  |     |     |  └> [2] (Id = 1046786615, Distance = 2.00)
      |  |     |     |     └> [1] (Id = 1046786614, Distance = 1.00)
      |  |     |     └> [5] (Id = 1046786618, Distance = 5.00)
      |  |     └> [11] (Id = 1046786624, Distance = 11.00)
      |  |        ├> [6] (Id = 1046786619, Distance = 6.00)
      |  |        |  ├> [3] (Id = 1046786616, Distance = 3.00)
      |  |        |  |  └> [2] (Id = 1046786615, Distance = 2.00)
      |  |        |  |     └> [1] (Id = 1046786614, Distance = 1.00)
      |  |        |  └> [5] (Id = 1046786618, Distance = 5.00)
      |  |        |     └> [4] (Id = 1046786617, Distance = 4.00)
      |  |        |        └> [2] (Id = 1046786615, Distance = 2.00)
      |  |        |           └> [1] (Id = 1046786614, Distance = 1.00)
      |  |        └> [9] (Id = 1046786622, Distance = 9.00)
      |  |           └> [5] (Id = 1046786618, Distance = 5.00)
      |  |              ├> [3] (Id = 1046786616, Distance = 3.00)
      |  |              |  └> [2] (Id = 1046786615, Distance = 2.00)
      |  |              |     └> [1] (Id = 1046786614, Distance = 1.00)
      |  |              └> [4] (Id = 1046786617, Distance = 4.00)
      |  |                 └> [2] (Id = 1046786615, Distance = 2.00)
      |  |                    └> [1] (Id = 1046786614, Distance = 1.00)
      |  ├> [18] (Id = 1046786631, Distance = 18.00)
      |  |  ├> [9] (Id = 1046786622, Distance = 9.00)
      |  |  |  ├> [5] (Id = 1046786618, Distance = 5.00)
      |  |  |  |  ├> [3] (Id = 1046786616, Distance = 3.00)
      |  |  |  |  |  └> [2] (Id = 1046786615, Distance = 2.00)
      |  |  |  |  |     └> [1] (Id = 1046786614, Distance = 1.00)
      |  |  |  |  └> [4] (Id = 1046786617, Distance = 4.00)
      |  |  |  |     └> [2] (Id = 1046786615, Distance = 2.00)
      |  |  |  |        └> [1] (Id = 1046786614, Distance = 1.00)
      |  |  |  ├> [7] (Id = 1046786620, Distance = 7.00)
      |  |  |  |  ├> [4] (Id = 1046786617, Distance = 4.00)
      |  |  |  |  |  ├> [2] (Id = 1046786615, Distance = 2.00)
      |  |  |  |  |  |  └> [1] (Id = 1046786614, Distance = 1.00)
      |  |  |  |  |  └> [3] (Id = 1046786616, Distance = 3.00)
      |  |  |  |  └> [6] (Id = 1046786619, Distance = 6.00)
      |  |  |  |     └> [3] (Id = 1046786616, Distance = 3.00)
      |  |  |  |        └> [2] (Id = 1046786615, Distance = 2.00)
      |  |  |  |           └> [1] (Id = 1046786614, Distance = 1.00)
      |  |  |  └> [8] (Id = 1046786621, Distance = 8.00)
      |  |  |     ├> [4] (Id = 1046786617, Distance = 4.00)
      |  |  |     |  ├> [2] (Id = 1046786615, Distance = 2.00)
      |  |  |     |  |  └> [1] (Id = 1046786614, Distance = 1.00)
      |  |  |     |  └> [3] (Id = 1046786616, Distance = 3.00)
      |  |  |     └> [6] (Id = 1046786619, Distance = 6.00)
      |  |  |        └> [3] (Id = 1046786616, Distance = 3.00)
      |  |  |           └> [2] (Id = 1046786615, Distance = 2.00)
      |  |  |              └> [1] (Id = 1046786614, Distance = 1.00)
      |  |  ├> [14] (Id = 1046786627, Distance = 14.00)
      |  |  |  ├> [7] (Id = 1046786620, Distance = 7.00)
      |  |  |  |  ├> [4] (Id = 1046786617, Distance = 4.00)
      |  |  |  |  |  ├> [2] (Id = 1046786615, Distance = 2.00)
      |  |  |  |  |  |  └> [1] (Id = 1046786614, Distance = 1.00)
      |  |  |  |  |  └> [3] (Id = 1046786616, Distance = 3.00)
      |  |  |  |  └> [6] (Id = 1046786619, Distance = 6.00)
      |  |  |  |     ├> [3] (Id = 1046786616, Distance = 3.00)
      |  |  |  |     |  └> [2] (Id = 1046786615, Distance = 2.00)
      |  |  |  |     |     └> [1] (Id = 1046786614, Distance = 1.00)
      |  |  |  |     └> [5] (Id = 1046786618, Distance = 5.00)
      |  |  |  └> [11] (Id = 1046786624, Distance = 11.00)
      |  |  |     └> [6] (Id = 1046786619, Distance = 6.00)
      |  |  |        ├> [3] (Id = 1046786616, Distance = 3.00)
      |  |  |        |  └> [2] (Id = 1046786615, Distance = 2.00)
      |  |  |        |     └> [1] (Id = 1046786614, Distance = 1.00)
      |  |  |        └> [5] (Id = 1046786618, Distance = 5.00)
      |  |  |           └> [4] (Id = 1046786617, Distance = 4.00)
      |  |  |              └> [2] (Id = 1046786615, Distance = 2.00)
      |  |  |                 └> [1] (Id = 1046786614, Distance = 1.00)
      |  |  ├> [16] (Id = 1046786629, Distance = 16.00)
      |  |  |  ├> [8] (Id = 1046786621, Distance = 8.00)
      |  |  |  |  ├> [4] (Id = 1046786617, Distance = 4.00)
      |  |  |  |  |  ├> [2] (Id = 1046786615, Distance = 2.00)
      |  |  |  |  |  |  └> [1] (Id = 1046786614, Distance = 1.00)
      |  |  |  |  |  └> [3] (Id = 1046786616, Distance = 3.00)
      |  |  |  |  ├> [6] (Id = 1046786619, Distance = 6.00)
      |  |  |  |  |  ├> [3] (Id = 1046786616, Distance = 3.00)
      |  |  |  |  |  |  └> [2] (Id = 1046786615, Distance = 2.00)
      |  |  |  |  |  |     └> [1] (Id = 1046786614, Distance = 1.00)
      |  |  |  |  |  └> [5] (Id = 1046786618, Distance = 5.00)
      |  |  |  |  └> [7] (Id = 1046786620, Distance = 7.00)
      |  |  |  └> [12] (Id = 1046786625, Distance = 12.00)
      |  |  |     ├> [6] (Id = 1046786619, Distance = 6.00)
      |  |  |     |  ├> [3] (Id = 1046786616, Distance = 3.00)
      |  |  |     |  |  └> [2] (Id = 1046786615, Distance = 2.00)
      |  |  |     |  |     └> [1] (Id = 1046786614, Distance = 1.00)
      |  |  |     |  └> [5] (Id = 1046786618, Distance = 5.00)
      |  |  |     |     └> [4] (Id = 1046786617, Distance = 4.00)
      |  |  |     |        └> [2] (Id = 1046786615, Distance = 2.00)
      |  |  |     |           └> [1] (Id = 1046786614, Distance = 1.00)
      |  |  |     └> [11] (Id = 1046786624, Distance = 11.00)
      |  |  └> [17] (Id = 1046786630, Distance = 17.00)
      |  └> [19] (Id = 1046786632, Distance = 19.00)
      |     └> [17] (Id = 1046786630, Distance = 17.00)
      |        ├> [9] (Id = 1046786622, Distance = 9.00)
      |        |  ├> [5] (Id = 1046786618, Distance = 5.00)
      |        |  |  ├> [3] (Id = 1046786616, Distance = 3.00)
      |        |  |  |  └> [2] (Id = 1046786615, Distance = 2.00)
      |        |  |  |     └> [1] (Id = 1046786614, Distance = 1.00)
      |        |  |  └> [4] (Id = 1046786617, Distance = 4.00)
      |        |  |     └> [2] (Id = 1046786615, Distance = 2.00)
      |        |  |        └> [1] (Id = 1046786614, Distance = 1.00)
      |        |  ├> [7] (Id = 1046786620, Distance = 7.00)
      |        |  |  ├> [4] (Id = 1046786617, Distance = 4.00)
      |        |  |  |  ├> [2] (Id = 1046786615, Distance = 2.00)
      |        |  |  |  |  └> [1] (Id = 1046786614, Distance = 1.00)
      |        |  |  |  └> [3] (Id = 1046786616, Distance = 3.00)
      |        |  |  └> [6] (Id = 1046786619, Distance = 6.00)
      |        |  |     └> [3] (Id = 1046786616, Distance = 3.00)
      |        |  |        └> [2] (Id = 1046786615, Distance = 2.00)
      |        |  |           └> [1] (Id = 1046786614, Distance = 1.00)
      |        |  └> [8] (Id = 1046786621, Distance = 8.00)
      |        |     ├> [4] (Id = 1046786617, Distance = 4.00)
      |        |     |  ├> [2] (Id = 1046786615, Distance = 2.00)
      |        |     |  |  └> [1] (Id = 1046786614, Distance = 1.00)
      |        |     |  └> [3] (Id = 1046786616, Distance = 3.00)
      |        |     └> [6] (Id = 1046786619, Distance = 6.00)
      |        |        └> [3] (Id = 1046786616, Distance = 3.00)
      |        |           └> [2] (Id = 1046786615, Distance = 2.00)
      |        |              └> [1] (Id = 1046786614, Distance = 1.00)
      |        └> [16] (Id = 1046786629, Distance = 16.00)
      |           ├> [8] (Id = 1046786621, Distance = 8.00)
      |           |  ├> [4] (Id = 1046786617, Distance = 4.00)
      |           |  |  ├> [2] (Id = 1046786615, Distance = 2.00)
      |           |  |  |  └> [1] (Id = 1046786614, Distance = 1.00)
      |           |  |  └> [3] (Id = 1046786616, Distance = 3.00)
      |           |  ├> [6] (Id = 1046786619, Distance = 6.00)
      |           |  |  ├> [3] (Id = 1046786616, Distance = 3.00)
      |           |  |  |  └> [2] (Id = 1046786615, Distance = 2.00)
      |           |  |  |     └> [1] (Id = 1046786614, Distance = 1.00)
      |           |  |  └> [5] (Id = 1046786618, Distance = 5.00)
      |           |  └> [7] (Id = 1046786620, Distance = 7.00)
      |           ├> [12] (Id = 1046786625, Distance = 12.00)
      |           |  ├> [6] (Id = 1046786619, Distance = 6.00)
      |           |  |  ├> [3] (Id = 1046786616, Distance = 3.00)
      |           |  |  |  └> [2] (Id = 1046786615, Distance = 2.00)
      |           |  |  |     └> [1] (Id = 1046786614, Distance = 1.00)
      |           |  |  └> [5] (Id = 1046786618, Distance = 5.00)
      |           |  |     └> [4] (Id = 1046786617, Distance = 4.00)
      |           |  |        └> [2] (Id = 1046786615, Distance = 2.00)
      |           |  |           └> [1] (Id = 1046786614, Distance = 1.00)
      |           |  └> [11] (Id = 1046786624, Distance = 11.00)
      |           └> [14] (Id = 1046786627, Distance = 14.00)
      |              ├> [7] (Id = 1046786620, Distance = 7.00)
      |              |  ├> [4] (Id = 1046786617, Distance = 4.00)
      |              |  |  ├> [2] (Id = 1046786615, Distance = 2.00)
      |              |  |  |  └> [1] (Id = 1046786614, Distance = 1.00)
      |              |  |  └> [3] (Id = 1046786616, Distance = 3.00)
      |              |  └> [6] (Id = 1046786619, Distance = 6.00)
      |              |     ├> [3] (Id = 1046786616, Distance = 3.00)
      |              |     |  └> [2] (Id = 1046786615, Distance = 2.00)
      |              |     |     └> [1] (Id = 1046786614, Distance = 1.00)
      |              |     └> [5] (Id = 1046786618, Distance = 5.00)
      |              └> [11] (Id = 1046786624, Distance = 11.00)
      |                 └> [6] (Id = 1046786619, Distance = 6.00)
      |                    ├> [3] (Id = 1046786616, Distance = 3.00)
      |                    |  └> [2] (Id = 1046786615, Distance = 2.00)
      |                    |     └> [1] (Id = 1046786614, Distance = 1.00)
      |                    └> [5] (Id = 1046786618, Distance = 5.00)
      |                       └> [4] (Id = 1046786617, Distance = 4.00)
      |                          └> [2] (Id = 1046786615, Distance = 2.00)
      |                             └> [1] (Id = 1046786614, Distance = 1.00)
      └> [23] (Id = 1046786636, Distance = 23.00)
         ├> [12] (Id = 1046786625, Distance = 12.00)
         |  ├> [6] (Id = 1046786619, Distance = 6.00)
         |  |  ├> [3] (Id = 1046786616, Distance = 3.00)
         |  |  |  └> [2] (Id = 1046786615, Distance = 2.00)
         |  |  |     └> [1] (Id = 1046786614, Distance = 1.00)
         |  |  └> [5] (Id = 1046786618, Distance = 5.00)
         |  |     └> [4] (Id = 1046786617, Distance = 4.00)
         |  |        └> [2] (Id = 1046786615, Distance = 2.00)
         |  |           └> [1] (Id = 1046786614, Distance = 1.00)
         |  ├> [9] (Id = 1046786622, Distance = 9.00)
         |  |  ├> [5] (Id = 1046786618, Distance = 5.00)
         |  |  |  ├> [3] (Id = 1046786616, Distance = 3.00)
         |  |  |  |  └> [2] (Id = 1046786615, Distance = 2.00)
         |  |  |  |     └> [1] (Id = 1046786614, Distance = 1.00)
         |  |  |  └> [4] (Id = 1046786617, Distance = 4.00)
         |  |  |     └> [2] (Id = 1046786615, Distance = 2.00)
         |  |  |        └> [1] (Id = 1046786614, Distance = 1.00)
         |  |  ├> [7] (Id = 1046786620, Distance = 7.00)
         |  |  |  └> [4] (Id = 1046786617, Distance = 4.00)
         |  |  |     ├> [2] (Id = 1046786615, Distance = 2.00)
         |  |  |     |  └> [1] (Id = 1046786614, Distance = 1.00)
         |  |  |     └> [3] (Id = 1046786616, Distance = 3.00)
         |  |  └> [8] (Id = 1046786621, Distance = 8.00)
         |  |     └> [4] (Id = 1046786617, Distance = 4.00)
         |  |        ├> [2] (Id = 1046786615, Distance = 2.00)
         |  |        |  └> [1] (Id = 1046786614, Distance = 1.00)
         |  |        └> [3] (Id = 1046786616, Distance = 3.00)
         |  └> [11] (Id = 1046786624, Distance = 11.00)
         |     └> [10] (Id = 1046786623, Distance = 10.0)
         |        ├> [5] (Id = 1046786618, Distance = 5.00)
         |        |  ├> [3] (Id = 1046786616, Distance = 3.00)
         |        |  |  └> [2] (Id = 1046786615, Distance = 2.00)
         |        |  |     └> [1] (Id = 1046786614, Distance = 1.00)
         |        |  └> [4] (Id = 1046786617, Distance = 4.00)
         |        |     └> [2] (Id = 1046786615, Distance = 2.00)
         |        |        └> [1] (Id = 1046786614, Distance = 1.00)
         |        └> [8] (Id = 1046786621, Distance = 8.00)
         |           ├> [4] (Id = 1046786617, Distance = 4.00)
         |           |  ├> [2] (Id = 1046786615, Distance = 2.00)
         |           |  |  └> [1] (Id = 1046786614, Distance = 1.00)
         |           |  └> [3] (Id = 1046786616, Distance = 3.00)
         |           └> [7] (Id = 1046786620, Distance = 7.00)
         ├> [18] (Id = 1046786631, Distance = 18.00)
         |  ├> [9] (Id = 1046786622, Distance = 9.00)
         |  |  ├> [5] (Id = 1046786618, Distance = 5.00)
         |  |  |  ├> [3] (Id = 1046786616, Distance = 3.00)
         |  |  |  |  └> [2] (Id = 1046786615, Distance = 2.00)
         |  |  |  |     └> [1] (Id = 1046786614, Distance = 1.00)
         |  |  |  └> [4] (Id = 1046786617, Distance = 4.00)
         |  |  |     └> [2] (Id = 1046786615, Distance = 2.00)
         |  |  |        └> [1] (Id = 1046786614, Distance = 1.00)
         |  |  ├> [7] (Id = 1046786620, Distance = 7.00)
         |  |  |  ├> [4] (Id = 1046786617, Distance = 4.00)
         |  |  |  |  ├> [2] (Id = 1046786615, Distance = 2.00)
         |  |  |  |  |  └> [1] (Id = 1046786614, Distance = 1.00)
         |  |  |  |  └> [3] (Id = 1046786616, Distance = 3.00)
         |  |  |  └> [6] (Id = 1046786619, Distance = 6.00)
         |  |  |     └> [3] (Id = 1046786616, Distance = 3.00)
         |  |  |        └> [2] (Id = 1046786615, Distance = 2.00)
         |  |  |           └> [1] (Id = 1046786614, Distance = 1.00)
         |  |  └> [8] (Id = 1046786621, Distance = 8.00)
         |  |     ├> [4] (Id = 1046786617, Distance = 4.00)
         |  |     |  ├> [2] (Id = 1046786615, Distance = 2.00)
         |  |     |  |  └> [1] (Id = 1046786614, Distance = 1.00)
         |  |     |  └> [3] (Id = 1046786616, Distance = 3.00)
         |  |     └> [6] (Id = 1046786619, Distance = 6.00)
         |  |        └> [3] (Id = 1046786616, Distance = 3.00)
         |  |           └> [2] (Id = 1046786615, Distance = 2.00)
         |  |              └> [1] (Id = 1046786614, Distance = 1.00)
         |  ├> [14] (Id = 1046786627, Distance = 14.00)
         |  |  ├> [7] (Id = 1046786620, Distance = 7.00)
         |  |  |  ├> [4] (Id = 1046786617, Distance = 4.00)
         |  |  |  |  ├> [2] (Id = 1046786615, Distance = 2.00)
         |  |  |  |  |  └> [1] (Id = 1046786614, Distance = 1.00)
         |  |  |  |  └> [3] (Id = 1046786616, Distance = 3.00)
         |  |  |  └> [6] (Id = 1046786619, Distance = 6.00)
         |  |  |     ├> [3] (Id = 1046786616, Distance = 3.00)
         |  |  |     |  └> [2] (Id = 1046786615, Distance = 2.00)
         |  |  |     |     └> [1] (Id = 1046786614, Distance = 1.00)
         |  |  |     └> [5] (Id = 1046786618, Distance = 5.00)
         |  |  └> [11] (Id = 1046786624, Distance = 11.00)
         |  |     ├> [6] (Id = 1046786619, Distance = 6.00)
         |  |     |  ├> [3] (Id = 1046786616, Distance = 3.00)
         |  |     |  |  └> [2] (Id = 1046786615, Distance = 2.00)
         |  |     |  |     └> [1] (Id = 1046786614, Distance = 1.00)
         |  |     |  └> [5] (Id = 1046786618, Distance = 5.00)
         |  |     |     └> [4] (Id = 1046786617, Distance = 4.00)
         |  |     |        └> [2] (Id = 1046786615, Distance = 2.00)
         |  |     |           └> [1] (Id = 1046786614, Distance = 1.00)
         |  |     └> [10] (Id = 1046786623, Distance = 10.0)
         |  |        ├> [5] (Id = 1046786618, Distance = 5.00)
         |  |        |  ├> [3] (Id = 1046786616, Distance = 3.00)
         |  |        |  |  └> [2] (Id = 1046786615, Distance = 2.00)
         |  |        |  |     └> [1] (Id = 1046786614, Distance = 1.00)
         |  |        |  └> [4] (Id = 1046786617, Distance = 4.00)
         |  |        |     └> [2] (Id = 1046786615, Distance = 2.00)
         |  |        |        └> [1] (Id = 1046786614, Distance = 1.00)
         |  |        └> [8] (Id = 1046786621, Distance = 8.00)
         |  |           └> [4] (Id = 1046786617, Distance = 4.00)
         |  |              ├> [2] (Id = 1046786615, Distance = 2.00)
         |  |              |  └> [1] (Id = 1046786614, Distance = 1.00)
         |  |              └> [3] (Id = 1046786616, Distance = 3.00)
         |  ├> [16] (Id = 1046786629, Distance = 16.00)
         |  |  ├> [8] (Id = 1046786621, Distance = 8.00)
         |  |  |  ├> [4] (Id = 1046786617, Distance = 4.00)
         |  |  |  |  ├> [2] (Id = 1046786615, Distance = 2.00)
         |  |  |  |  |  └> [1] (Id = 1046786614, Distance = 1.00)
         |  |  |  |  └> [3] (Id = 1046786616, Distance = 3.00)
         |  |  |  ├> [6] (Id = 1046786619, Distance = 6.00)
         |  |  |  |  ├> [3] (Id = 1046786616, Distance = 3.00)
         |  |  |  |  |  └> [2] (Id = 1046786615, Distance = 2.00)
         |  |  |  |  |     └> [1] (Id = 1046786614, Distance = 1.00)
         |  |  |  |  └> [5] (Id = 1046786618, Distance = 5.00)
         |  |  |  └> [7] (Id = 1046786620, Distance = 7.00)
         |  |  └> [15] (Id = 1046786628, Distance = 15.00)
         |  └> [17] (Id = 1046786630, Distance = 17.00)
         |     └> [15] (Id = 1046786628, Distance = 15.00)
         |        └> [8] (Id = 1046786621, Distance = 8.00)
         |           ├> [4] (Id = 1046786617, Distance = 4.00)
         |           |  ├> [2] (Id = 1046786615, Distance = 2.00)
         |           |  |  └> [1] (Id = 1046786614, Distance = 1.00)
         |           |  └> [3] (Id = 1046786616, Distance = 3.00)
         |           ├> [6] (Id = 1046786619, Distance = 6.00)
         |           |  ├> [3] (Id = 1046786616, Distance = 3.00)
         |           |  |  └> [2] (Id = 1046786615, Distance = 2.00)
         |           |  |     └> [1] (Id = 1046786614, Distance = 1.00)
         |           |  └> [5] (Id = 1046786618, Distance = 5.00)
         |           └> [7] (Id = 1046786620, Distance = 7.00)
         └> [21] (Id = 1046786634, Distance = 21.00)
            ├> [11] (Id = 1046786624, Distance = 11.00)
            |  ├> [6] (Id = 1046786619, Distance = 6.00)
            |  |  ├> [3] (Id = 1046786616, Distance = 3.00)
            |  |  |  └> [2] (Id = 1046786615, Distance = 2.00)
            |  |  |     └> [1] (Id = 1046786614, Distance = 1.00)
            |  |  └> [5] (Id = 1046786618, Distance = 5.00)
            |  |     └> [4] (Id = 1046786617, Distance = 4.00)
            |  |        └> [2] (Id = 1046786615, Distance = 2.00)
            |  |           └> [1] (Id = 1046786614, Distance = 1.00)
            |  ├> [9] (Id = 1046786622, Distance = 9.00)
            |  |  ├> [5] (Id = 1046786618, Distance = 5.00)
            |  |  |  ├> [3] (Id = 1046786616, Distance = 3.00)
            |  |  |  |  └> [2] (Id = 1046786615, Distance = 2.00)
            |  |  |  |     └> [1] (Id = 1046786614, Distance = 1.00)
            |  |  |  └> [4] (Id = 1046786617, Distance = 4.00)
            |  |  |     └> [2] (Id = 1046786615, Distance = 2.00)
            |  |  |        └> [1] (Id = 1046786614, Distance = 1.00)
            |  |  ├> [7] (Id = 1046786620, Distance = 7.00)
            |  |  |  └> [4] (Id = 1046786617, Distance = 4.00)
            |  |  |     ├> [2] (Id = 1046786615, Distance = 2.00)
            |  |  |     |  └> [1] (Id = 1046786614, Distance = 1.00)
            |  |  |     └> [3] (Id = 1046786616, Distance = 3.00)
            |  |  └> [8] (Id = 1046786621, Distance = 8.00)
            |  |     └> [4] (Id = 1046786617, Distance = 4.00)
            |  |        ├> [2] (Id = 1046786615, Distance = 2.00)
            |  |        |  └> [1] (Id = 1046786614, Distance = 1.00)
            |  |        └> [3] (Id = 1046786616, Distance = 3.00)
            |  └> [10] (Id = 1046786623, Distance = 10.0)
            |     ├> [5] (Id = 1046786618, Distance = 5.00)
            |     |  ├> [3] (Id = 1046786616, Distance = 3.00)
            |     |  |  └> [2] (Id = 1046786615, Distance = 2.00)
            |     |  |     └> [1] (Id = 1046786614, Distance = 1.00)
            |     |  └> [4] (Id = 1046786617, Distance = 4.00)
            |     |     └> [2] (Id = 1046786615, Distance = 2.00)
            |     |        └> [1] (Id = 1046786614, Distance = 1.00)
            |     └> [8] (Id = 1046786621, Distance = 8.00)
            |        ├> [4] (Id = 1046786617, Distance = 4.00)
            |        |  ├> [2] (Id = 1046786615, Distance = 2.00)
            |        |  |  └> [1] (Id = 1046786614, Distance = 1.00)
            |        |  └> [3] (Id = 1046786616, Distance = 3.00)
            |        └> [7] (Id = 1046786620, Distance = 7.00)
            ├> [16] (Id = 1046786629, Distance = 16.00)
            |  ├> [8] (Id = 1046786621, Distance = 8.00)
            |  |  ├> [4] (Id = 1046786617, Distance = 4.00)
            |  |  |  ├> [2] (Id = 1046786615, Distance = 2.00)
            |  |  |  |  └> [1] (Id = 1046786614, Distance = 1.00)
            |  |  |  └> [3] (Id = 1046786616, Distance = 3.00)
            |  |  ├> [6] (Id = 1046786619, Distance = 6.00)
            |  |  |  ├> [3] (Id = 1046786616, Distance = 3.00)
            |  |  |  |  └> [2] (Id = 1046786615, Distance = 2.00)
            |  |  |  |     └> [1] (Id = 1046786614, Distance = 1.00)
            |  |  |  └> [5] (Id = 1046786618, Distance = 5.00)
            |  |  └> [7] (Id = 1046786620, Distance = 7.00)
            |  ├> [14] (Id = 1046786627, Distance = 14.00)
            |  |  └> [7] (Id = 1046786620, Distance = 7.00)
            |  |     ├> [4] (Id = 1046786617, Distance = 4.00)
            |  |     |  ├> [2] (Id = 1046786615, Distance = 2.00)
            |  |     |  |  └> [1] (Id = 1046786614, Distance = 1.00)
            |  |     |  └> [3] (Id = 1046786616, Distance = 3.00)
            |  |     └> [6] (Id = 1046786619, Distance = 6.00)
            |  |        ├> [3] (Id = 1046786616, Distance = 3.00)
            |  |        |  └> [2] (Id = 1046786615, Distance = 2.00)
            |  |        |     └> [1] (Id = 1046786614, Distance = 1.00)
            |  |        └> [5] (Id = 1046786618, Distance = 5.00)
            |  └> [15] (Id = 1046786628, Distance = 15.00)
            └> [19] (Id = 1046786632, Distance = 19.00)
               └> [10] (Id = 1046786623, Distance = 10.0)
                  ├> [5] (Id = 1046786618, Distance = 5.00)
                  |  ├> [3] (Id = 1046786616, Distance = 3.00)
                  |  |  └> [2] (Id = 1046786615, Distance = 2.00)
                  |  |     └> [1] (Id = 1046786614, Distance = 1.00)
                  |  └> [4] (Id = 1046786617, Distance = 4.00)
                  |     └> [2] (Id = 1046786615, Distance = 2.00)
                  |        └> [1] (Id = 1046786614, Distance = 1.00)
                  └> [8] (Id = 1046786621, Distance = 8.00)
                     ├> [4] (Id = 1046786617, Distance = 4.00)
                     |  ├> [2] (Id = 1046786615, Distance = 2.00)
                     |  |  └> [1] (Id = 1046786614, Distance = 1.00)
                     |  └> [3] (Id = 1046786616, Distance = 3.00)
                     └> [6] (Id = 1046786619, Distance = 6.00)
                        └> [3] (Id = 1046786616, Distance = 3.00)
                           └> [2] (Id = 1046786615, Distance = 2.00)
