[100,100,82,81,81,31,61] (Id = -1368721946, Distance = 621.7143...)
├> [0,0,0,0,0,0,0] (Id = 1657169263, Distance = 85.7143...)
|  ├> [0] (Id = -1521134295, Distance = 0)
|  ├> [0,0,0,0] (Id = 1553156228, Distance = 42.8571...)
|  |  ├> [0,0,0] (Id = -1760004949, Distance = 28.5714...)
|  |  |  └> [0,0] (Id = 119308578, Distance = 14.2857...)
|  |  └> [0,0] (Id = 119308578, Distance = 14.2857...)
|  ├> [0,0,0,0,0,0] (Id = -1977115610, Distance = 71.4286...)
|  |  ├> [0,0,0,0,0] (Id = -618787475, Distance = 57.1429...)
|  |  |  ├> [0,0,0] (Id = -1760004949, Distance = 28.5714...)
|  |  |  |  └> [0,0] (Id = 119308578, Distance = 14.2857...)
|  |  |  └> [0,0] (Id = 119308578, Distance = 14.2857...)
|  |  └> [0,0,0] (Id = -1760004949, Distance = 28.5714...)
|  |     └> [0,0] (Id = 119308578, Distance = 14.2857...)
|  └> [0,0,0] (Id = -1760004949, Distance = 28.5714...)
|     └> [0,0] (Id = 119308578, Distance = 14.2857...)
└> [100,100,82,81,81,61,31] (Id = -1995072393, Distance = 621.7143...)
   ├> [100] (Id = -1521134195, Distance = 100)
   |  ├> [0] (Id = -1521134295, Distance = 0)
   |  ├> [50] (Id = -1521134245, Distance = 50.0)
   |  |  ├> [1] (Id = -1521134294, Distance = 1.00)
   |  |  ├> [26] (Id = -1521134269, Distance = 26.00)
   |  |  |  ├> [2] (Id = -1521134293, Distance = 2.00)
   |  |  |  ├> [14] (Id = -1521134281, Distance = 14.00)
   |  |  |  |  ├> [3] (Id = -1521134292, Distance = 3.00)
   |  |  |  |  ├> [9] (Id = -1521134286, Distance = 9.00)
   |  |  |  |  |  ├> [4] (Id = -1521134291, Distance = 4.00)
   |  |  |  |  |  ├> [7] (Id = -1521134288, Distance = 7.00)
   |  |  |  |  |  |  ├> [5] (Id = -1521134290, Distance = 5.00)
   |  |  |  |  |  |  └> [6] (Id = -1521134289, Distance = 6.00)
   |  |  |  |  |  └> [8] (Id = -1521134287, Distance = 8.00)
   |  |  |  |  ├> [12] (Id = -1521134283, Distance = 12.00)
   |  |  |  |  |  ├> [10] (Id = -1521134285, Distance = 10.0)
   |  |  |  |  |  └> [11] (Id = -1521134284, Distance = 11.00)
   |  |  |  |  └> [13] (Id = -1521134282, Distance = 13.00)
   |  |  |  ├> [20] (Id = -1521134275, Distance = 20.0)
   |  |  |  |  ├> [15] (Id = -1521134280, Distance = 15.00)
   |  |  |  |  ├> [18] (Id = -1521134277, Distance = 18.00)
   |  |  |  |  |  ├> [16] (Id = -1521134279, Distance = 16.00)
   |  |  |  |  |  └> [17] (Id = -1521134278, Distance = 17.00)
   |  |  |  |  └> [19] (Id = -1521134276, Distance = 19.00)
   |  |  |  ├> [23] (Id = -1521134272, Distance = 23.00)
   |  |  |  |  ├> [21] (Id = -1521134274, Distance = 21.00)
   |  |  |  |  └> [22] (Id = -1521134273, Distance = 22.00)
   |  |  |  └> [25] (Id = -1521134270, Distance = 25.00)
   |  |  |     └> [24] (Id = -1521134271, Distance = 24.00)
   |  |  ├> [38] (Id = -1521134257, Distance = 38.00)
   |  |  |  ├> [27] (Id = -1521134268, Distance = 27.00)
   |  |  |  ├> [33] (Id = -1521134262, Distance = 33.00)
   |  |  |  |  ├> [28] (Id = -1521134267, Distance = 28.00)
   |  |  |  |  ├> [31] (Id = -1521134264, Distance = 31.00)
   |  |  |  |  |  ├> [29] (Id = -1521134266, Distance = 29.00)
   |  |  |  |  |  └> [30] (Id = -1521134265, Distance = 30.0)
   |  |  |  |  └> [32] (Id = -1521134263, Distance = 32.00)
   |  |  |  ├> [36] (Id = -1521134259, Distance = 36.00)
   |  |  |  |  ├> [34] (Id = -1521134261, Distance = 34.00)
   |  |  |  |  └> [35] (Id = -1521134260, Distance = 35.00)
   |  |  |  └> [37] (Id = -1521134258, Distance = 37.00)
   |  |  ├> [44] (Id = -1521134251, Distance = 44.00)
   |  |  |  ├> [39] (Id = -1521134256, Distance = 39.00)
   |  |  |  ├> [42] (Id = -1521134253, Distance = 42.00)
   |  |  |  |  ├> [40] (Id = -1521134255, Distance = 40.0)
   |  |  |  |  └> [41] (Id = -1521134254, Distance = 41.00)
   |  |  |  └> [43] (Id = -1521134252, Distance = 43.00)
   |  |  ├> [47] (Id = -1521134248, Distance = 47.00)
   |  |  |  ├> [45] (Id = -1521134250, Distance = 45.00)
   |  |  |  └> [46] (Id = -1521134249, Distance = 46.00)
   |  |  └> [49] (Id = -1521134246, Distance = 49.00)
   |  |     └> [48] (Id = -1521134247, Distance = 48.00)
   |  ├> [75] (Id = -1521134220, Distance = 75.00)
   |  |  ├> [51] (Id = -1521134244, Distance = 51.00)
   |  |  ├> [63] (Id = -1521134232, Distance = 63.00)
   |  |  |  ├> [52] (Id = -1521134243, Distance = 52.00)
   |  |  |  ├> [58] (Id = -1521134237, Distance = 58.00)
   |  |  |  |  ├> [53] (Id = -1521134242, Distance = 53.00)
   |  |  |  |  ├> [56] (Id = -1521134239, Distance = 56.00)
   |  |  |  |  |  ├> [54] (Id = -1521134241, Distance = 54.00)
   |  |  |  |  |  └> [55] (Id = -1521134240, Distance = 55.00)
   |  |  |  |  └> [57] (Id = -1521134238, Distance = 57.00)
   |  |  |  ├> [61] (Id = -1521134234, Distance = 61.00)
   |  |  |  |  ├> [59] (Id = -1521134236, Distance = 59.00)
   |  |  |  |  └> [60] (Id = -1521134235, Distance = 60.0)
   |  |  |  └> [62] (Id = -1521134233, Distance = 62.00)
   |  |  ├> [69] (Id = -1521134226, Distance = 69.00)
   |  |  |  ├> [64] (Id = -1521134231, Distance = 64.00)
   |  |  |  ├> [67] (Id = -1521134228, Distance = 67.00)
   |  |  |  |  ├> [65] (Id = -1521134230, Distance = 65.00)
   |  |  |  |  └> [66] (Id = -1521134229, Distance = 66.00)
   |  |  |  └> [68] (Id = -1521134227, Distance = 68.00)
   |  |  ├> [72] (Id = -1521134223, Distance = 72.00)
   |  |  |  ├> [70] (Id = -1521134225, Distance = 70.0)
   |  |  |  └> [71] (Id = -1521134224, Distance = 71.00)
   |  |  └> [74] (Id = -1521134221, Distance = 74.00)
   |  |     └> [73] (Id = -1521134222, Distance = 73.00)
   |  ├> [88] (Id = -1521134207, Distance = 88.00)
   |  |  ├> [76] (Id = -1521134219, Distance = 76.00)
   |  |  ├> [82] (Id = -1521134213, Distance = 82.00)
   |  |  |  ├> [77] (Id = -1521134218, Distance = 77.00)
   |  |  |  ├> [80] (Id = -1521134215, Distance = 80.0)
   |  |  |  |  ├> [78] (Id = -1521134217, Distance = 78.00)
   |  |  |  |  └> [79] (Id = -1521134216, Distance = 79.00)
   |  |  |  └> [81] (Id = -1521134214, Distance = 81.00)
   |  |  ├> [85] (Id = -1521134210, Distance = 85.00)
   |  |  |  ├> [83] (Id = -1521134212, Distance = 83.00)
   |  |  |  └> [84] (Id = -1521134211, Distance = 84.00)
   |  |  └> [87] (Id = -1521134208, Distance = 87.00)
   |  |     └> [86] (Id = -1521134209, Distance = 86.00)
   |  ├> [94] (Id = -1521134201, Distance = 94.00)
   |  |  ├> [89] (Id = -1521134206, Distance = 89.00)
   |  |  ├> [92] (Id = -1521134203, Distance = 92.00)
   |  |  |  ├> [90] (Id = -1521134205, Distance = 90.0)
   |  |  |  └> [91] (Id = -1521134204, Distance = 91.00)
   |  |  └> [93] (Id = -1521134202, Distance = 93.00)
   |  ├> [97] (Id = -1521134198, Distance = 97.00)
   |  |  ├> [95] (Id = -1521134200, Distance = 95.00)
   |  |  └> [96] (Id = -1521134199, Distance = 96.00)
   |  └> [99] (Id = -1521134196, Distance = 99.00)
   |     └> [98] (Id = -1521134197, Distance = 98.00)
   └> [100,100,82,81] (Id = 1644056287, Distance = 405.8571...)
      └> [100,100,82] (Id = -1879117403, Distance = 310.5714...)
         └> [100,100] (Id = -1670265462, Distance = 214.2857...)
            └> [0,100] (Id = 119308678, Distance = 114.2857...)
               └> [100,0] (Id = -1670265562, Distance = 114.2857...)
                  ├> [0] (Id = -1521134295, Distance = 0)
                  ├> [0,0] (Id = 119308578, Distance = 14.2857...)
                  ├> [50,0] (Id = 1372005156, Distance = 64.2857...)
                  |  ├> [50] (Id = -1521134245, Distance = 50.0)
                  |  |  ├> [1] (Id = -1521134294, Distance = 1.00)
                  |  |  ├> [26] (Id = -1521134269, Distance = 26.00)
                  |  |  |  ├> [2] (Id = -1521134293, Distance = 2.00)
                  |  |  |  ├> [14] (Id = -1521134281, Distance = 14.00)
                  |  |  |  |  ├> [3] (Id = -1521134292, Distance = 3.00)
                  |  |  |  |  ├> [9] (Id = -1521134286, Distance = 9.00)
                  |  |  |  |  |  ├> [4] (Id = -1521134291, Distance = 4.00)
                  |  |  |  |  |  ├> [7] (Id = -1521134288, Distance = 7.00)
                  |  |  |  |  |  |  ├> [5] (Id = -1521134290, Distance = 5.00)
                  |  |  |  |  |  |  └> [6] (Id = -1521134289, Distance = 6.00)
                  |  |  |  |  |  └> [8] (Id = -1521134287, Distance = 8.00)
                  |  |  |  |  ├> [12] (Id = -1521134283, Distance = 12.00)
                  |  |  |  |  |  ├> [10] (Id = -1521134285, Distance = 10.0)
                  |  |  |  |  |  └> [11] (Id = -1521134284, Distance = 11.00)
                  |  |  |  |  └> [13] (Id = -1521134282, Distance = 13.00)
                  |  |  |  ├> [20] (Id = -1521134275, Distance = 20.0)
                  |  |  |  |  ├> [15] (Id = -1521134280, Distance = 15.00)
                  |  |  |  |  ├> [18] (Id = -1521134277, Distance = 18.00)
                  |  |  |  |  |  ├> [16] (Id = -1521134279, Distance = 16.00)
                  |  |  |  |  |  └> [17] (Id = -1521134278, Distance = 17.00)
                  |  |  |  |  └> [19] (Id = -1521134276, Distance = 19.00)
                  |  |  |  ├> [23] (Id = -1521134272, Distance = 23.00)
                  |  |  |  |  ├> [21] (Id = -1521134274, Distance = 21.00)
                  |  |  |  |  └> [22] (Id = -1521134273, Distance = 22.00)
                  |  |  |  └> [25] (Id = -1521134270, Distance = 25.00)
                  |  |  |     └> [24] (Id = -1521134271, Distance = 24.00)
                  |  |  ├> [38] (Id = -1521134257, Distance = 38.00)
                  |  |  |  ├> [27] (Id = -1521134268, Distance = 27.00)
                  |  |  |  ├> [33] (Id = -1521134262, Distance = 33.00)
                  |  |  |  |  ├> [28] (Id = -1521134267, Distance = 28.00)
                  |  |  |  |  ├> [31] (Id = -1521134264, Distance = 31.00)
                  |  |  |  |  |  ├> [29] (Id = -1521134266, Distance = 29.00)
                  |  |  |  |  |  └> [30] (Id = -1521134265, Distance = 30.0)
                  |  |  |  |  └> [32] (Id = -1521134263, Distance = 32.00)
                  |  |  |  ├> [36] (Id = -1521134259, Distance = 36.00)
                  |  |  |  |  ├> [34] (Id = -1521134261, Distance = 34.00)
                  |  |  |  |  └> [35] (Id = -1521134260, Distance = 35.00)
                  |  |  |  └> [37] (Id = -1521134258, Distance = 37.00)
                  |  |  ├> [44] (Id = -1521134251, Distance = 44.00)
                  |  |  |  ├> [39] (Id = -1521134256, Distance = 39.00)
                  |  |  |  ├> [42] (Id = -1521134253, Distance = 42.00)
                  |  |  |  |  ├> [40] (Id = -1521134255, Distance = 40.0)
                  |  |  |  |  └> [41] (Id = -1521134254, Distance = 41.00)
                  |  |  |  └> [43] (Id = -1521134252, Distance = 43.00)
                  |  |  ├> [47] (Id = -1521134248, Distance = 47.00)
                  |  |  |  ├> [45] (Id = -1521134250, Distance = 45.00)
                  |  |  |  └> [46] (Id = -1521134249, Distance = 46.00)
                  |  |  └> [49] (Id = -1521134246, Distance = 49.00)
                  |  |     └> [48] (Id = -1521134247, Distance = 48.00)
                  |  ├> [1,0] (Id = -1401825717, Distance = 15.2857...)
                  |  |  └> [1] (Id = -1521134294, Distance = 1.00)
                  |  ├> [26,0] (Id = -775477428, Distance = 40.2857...)
                  |  |  ├> [26] (Id = -1521134269, Distance = 26.00)
                  |  |  |  ├> [2] (Id = -1521134293, Distance = 2.00)
                  |  |  |  ├> [14] (Id = -1521134281, Distance = 14.00)
                  |  |  |  |  ├> [3] (Id = -1521134292, Distance = 3.00)
                  |  |  |  |  ├> [9] (Id = -1521134286, Distance = 9.00)
                  |  |  |  |  |  ├> [4] (Id = -1521134291, Distance = 4.00)
                  |  |  |  |  |  ├> [7] (Id = -1521134288, Distance = 7.00)
                  |  |  |  |  |  |  ├> [5] (Id = -1521134290, Distance = 5.00)
                  |  |  |  |  |  |  └> [6] (Id = -1521134289, Distance = 6.00)
                  |  |  |  |  |  └> [8] (Id = -1521134287, Distance = 8.00)
                  |  |  |  |  ├> [12] (Id = -1521134283, Distance = 12.00)
                  |  |  |  |  |  ├> [10] (Id = -1521134285, Distance = 10.0)
                  |  |  |  |  |  └> [11] (Id = -1521134284, Distance = 11.00)
                  |  |  |  |  └> [13] (Id = -1521134282, Distance = 13.00)
                  |  |  |  ├> [20] (Id = -1521134275, Distance = 20.0)
                  |  |  |  |  ├> [15] (Id = -1521134280, Distance = 15.00)
                  |  |  |  |  ├> [18] (Id = -1521134277, Distance = 18.00)
                  |  |  |  |  |  ├> [16] (Id = -1521134279, Distance = 16.00)
                  |  |  |  |  |  └> [17] (Id = -1521134278, Distance = 17.00)
                  |  |  |  |  └> [19] (Id = -1521134276, Distance = 19.00)
                  |  |  |  ├> [23] (Id = -1521134272, Distance = 23.00)
                  |  |  |  |  ├> [21] (Id = -1521134274, Distance = 21.00)
                  |  |  |  |  └> [22] (Id = -1521134273, Distance = 22.00)
                  |  |  |  └> [25] (Id = -1521134270, Distance = 25.00)
                  |  |  |     └> [24] (Id = -1521134271, Distance = 24.00)
                  |  |  ├> [2,0] (Id = 1372007284, Distance = 16.2857...)
                  |  |  |  └> [2] (Id = -1521134293, Distance = 2.00)
                  |  |  ├> [14,0] (Id = 298264928, Distance = 28.2857...)
                  |  |  |  ├> [14] (Id = -1521134281, Distance = 14.00)
                  |  |  |  |  ├> [3] (Id = -1521134292, Distance = 3.00)
                  |  |  |  |  ├> [9] (Id = -1521134286, Distance = 9.00)
                  |  |  |  |  |  ├> [4] (Id = -1521134291, Distance = 4.00)
                  |  |  |  |  |  ├> [7] (Id = -1521134288, Distance = 7.00)
                  |  |  |  |  |  |  ├> [5] (Id = -1521134290, Distance = 5.00)
                  |  |  |  |  |  |  └> [6] (Id = -1521134289, Distance = 6.00)
                  |  |  |  |  |  └> [8] (Id = -1521134287, Distance = 8.00)
                  |  |  |  |  ├> [12] (Id = -1521134283, Distance = 12.00)
                  |  |  |  |  |  ├> [10] (Id = -1521134285, Distance = 10.0)
                  |  |  |  |  |  └> [11] (Id = -1521134284, Distance = 11.00)
                  |  |  |  |  └> [13] (Id = -1521134282, Distance = 13.00)
                  |  |  |  ├> [3,0] (Id = -149127011, Distance = 17.2857...)
                  |  |  |  |  └> [3] (Id = -1521134292, Distance = 3.00)
                  |  |  |  ├> [9,0] (Id = -685998189, Distance = 23.2857...)
                  |  |  |  |  ├> [9] (Id = -1521134286, Distance = 9.00)
                  |  |  |  |  |  ├> [4] (Id = -1521134291, Distance = 4.00)
                  |  |  |  |  |  ├> [7] (Id = -1521134288, Distance = 7.00)
                  |  |  |  |  |  |  ├> [5] (Id = -1521134290, Distance = 5.00)
                  |  |  |  |  |  |  └> [6] (Id = -1521134289, Distance = 6.00)
                  |  |  |  |  |  └> [8] (Id = -1521134287, Distance = 8.00)
                  |  |  |  |  ├> [4,0] (Id = -1670261306, Distance = 18.2857...)
                  |  |  |  |  |  └> [4] (Id = -1521134291, Distance = 4.00)
                  |  |  |  |  ├> [7,0] (Id = -1938696895, Distance = 21.2857...)
                  |  |  |  |  |  ├> [7] (Id = -1521134288, Distance = 7.00)
                  |  |  |  |  |  |  ├> [5] (Id = -1521134290, Distance = 5.00)
                  |  |  |  |  |  |  └> [6] (Id = -1521134289, Distance = 6.00)
                  |  |  |  |  |  ├> [5,0] (Id = 1103571695, Distance = 19.2857...)
                  |  |  |  |  |  |  └> [5] (Id = -1521134290, Distance = 5.00)
                  |  |  |  |  |  └> [6,0] (Id = -417562600, Distance = 20.2857...)
                  |  |  |  |  |     └> [6] (Id = -1521134289, Distance = 6.00)
                  |  |  |  |  └> [8,0] (Id = 835136106, Distance = 22.2857...)
                  |  |  |  |     └> [8] (Id = -1521134287, Distance = 8.00)
                  |  |  |  ├> [12,0] (Id = -954433778, Distance = 26.2857...)
                  |  |  |  |  ├> [12] (Id = -1521134283, Distance = 12.00)
                  |  |  |  |  |  ├> [10] (Id = -1521134285, Distance = 10.0)
                  |  |  |  |  |  └> [11] (Id = -1521134284, Distance = 11.00)
                  |  |  |  |  ├> [10,0] (Id = 2087834812, Distance = 24.2857...)
                  |  |  |  |  |  └> [10] (Id = -1521134285, Distance = 10.0)
                  |  |  |  |  └> [11,0] (Id = 566700517, Distance = 25.2857...)
                  |  |  |  |     └> [11] (Id = -1521134284, Distance = 11.00)
                  |  |  |  └> [13,0] (Id = 1819399223, Distance = 27.2857...)
                  |  |  |     └> [13] (Id = -1521134282, Distance = 13.00)
                  |  |  ├> [20,0] (Id = -238606250, Distance = 34.2857...)
                  |  |  |  ├> [20] (Id = -1521134275, Distance = 20.0)
                  |  |  |  |  ├> [15] (Id = -1521134280, Distance = 15.00)
                  |  |  |  |  ├> [18] (Id = -1521134277, Distance = 18.00)
                  |  |  |  |  |  ├> [16] (Id = -1521134279, Distance = 16.00)
                  |  |  |  |  |  └> [17] (Id = -1521134278, Distance = 17.00)
                  |  |  |  |  └> [19] (Id = -1521134276, Distance = 19.00)
                  |  |  |  ├> [15,0] (Id = -1222869367, Distance = 29.2857...)
                  |  |  |  |  └> [15] (Id = -1521134280, Distance = 15.00)
                  |  |  |  ├> [18,0] (Id = -1491304956, Distance = 32.2857...)
                  |  |  |  |  ├> [18] (Id = -1521134277, Distance = 18.00)
                  |  |  |  |  |  ├> [16] (Id = -1521134279, Distance = 16.00)
                  |  |  |  |  |  └> [17] (Id = -1521134278, Distance = 17.00)
                  |  |  |  |  ├> [16,0] (Id = 1550963634, Distance = 30.2857...)
                  |  |  |  |  |  └> [16] (Id = -1521134279, Distance = 16.00)
                  |  |  |  |  └> [17,0] (Id = 29829339, Distance = 31.2857...)
                  |  |  |  |     └> [17] (Id = -1521134278, Distance = 17.00)
                  |  |  |  └> [19,0] (Id = 1282528045, Distance = 33.2857...)
                  |  |  |     └> [19] (Id = -1521134276, Distance = 19.00)
                  |  |  ├> [23,0] (Id = -507041839, Distance = 37.2857...)
                  |  |  |  ├> [23] (Id = -1521134272, Distance = 23.00)
                  |  |  |  |  ├> [21] (Id = -1521134274, Distance = 21.00)
                  |  |  |  |  └> [22] (Id = -1521134273, Distance = 22.00)
                  |  |  |  ├> [21,0] (Id = -1759740545, Distance = 35.2857...)
                  |  |  |  |  └> [21] (Id = -1521134274, Distance = 21.00)
                  |  |  |  └> [22,0] (Id = 1014092456, Distance = 36.2857...)
                  |  |  |     └> [22] (Id = -1521134273, Distance = 22.00)
                  |  |  └> [25,0] (Id = 745656867, Distance = 39.2857...)
                  |  |     ├> [25] (Id = -1521134270, Distance = 25.00)
                  |  |     |  └> [24] (Id = -1521134271, Distance = 24.00)
                  |  |     └> [24,0] (Id = -2028176134, Distance = 38.2857...)
                  |  |        └> [24] (Id = -1521134271, Distance = 24.00)
                  |  ├> [38,0] (Id = -1849219784, Distance = 52.2857...)
                  |  |  ├> [38] (Id = -1521134257, Distance = 38.00)
                  |  |  |  ├> [27] (Id = -1521134268, Distance = 27.00)
                  |  |  |  ├> [33] (Id = -1521134262, Distance = 33.00)
                  |  |  |  |  ├> [28] (Id = -1521134267, Distance = 28.00)
                  |  |  |  |  ├> [31] (Id = -1521134264, Distance = 31.00)
                  |  |  |  |  |  ├> [29] (Id = -1521134266, Distance = 29.00)
                  |  |  |  |  |  └> [30] (Id = -1521134265, Distance = 30.0)
                  |  |  |  |  └> [32] (Id = -1521134263, Distance = 32.00)
                  |  |  |  ├> [36] (Id = -1521134259, Distance = 36.00)
                  |  |  |  |  ├> [34] (Id = -1521134261, Distance = 34.00)
                  |  |  |  |  └> [35] (Id = -1521134260, Distance = 35.00)
                  |  |  |  └> [37] (Id = -1521134258, Distance = 37.00)
                  |  |  ├> [27,0] (Id = 1998355573, Distance = 41.2857...)
                  |  |  |  └> [27] (Id = -1521134268, Distance = 27.00)
                  |  |  ├> [33,0] (Id = 1461484395, Distance = 47.2857...)
                  |  |  |  ├> [33] (Id = -1521134262, Distance = 33.00)
                  |  |  |  |  ├> [28] (Id = -1521134267, Distance = 28.00)
                  |  |  |  |  ├> [31] (Id = -1521134264, Distance = 31.00)
                  |  |  |  |  |  ├> [29] (Id = -1521134266, Distance = 29.00)
                  |  |  |  |  |  └> [30] (Id = -1521134265, Distance = 30.0)
                  |  |  |  |  └> [32] (Id = -1521134263, Distance = 32.00)
                  |  |  |  ├> [28,0] (Id = 477221278, Distance = 42.2857...)
                  |  |  |  |  └> [28] (Id = -1521134267, Distance = 28.00)
                  |  |  |  ├> [31,0] (Id = 208785689, Distance = 45.2857...)
                  |  |  |  |  ├> [31] (Id = -1521134264, Distance = 31.00)
                  |  |  |  |  |  ├> [29] (Id = -1521134266, Distance = 29.00)
                  |  |  |  |  |  └> [30] (Id = -1521134265, Distance = 30.0)
                  |  |  |  |  ├> [29,0] (Id = -1043913017, Distance = 43.2857...)
                  |  |  |  |  |  └> [29] (Id = -1521134266, Distance = 29.00)
                  |  |  |  |  └> [30,0] (Id = 1729919984, Distance = 44.2857...)
                  |  |  |  |     └> [30] (Id = -1521134265, Distance = 30.0)
                  |  |  |  └> [32,0] (Id = -1312348606, Distance = 46.2857...)
                  |  |  |     └> [32] (Id = -1521134263, Distance = 32.00)
                  |  |  ├> [36,0] (Id = 1193048806, Distance = 50.2857...)
                  |  |  |  ├> [36] (Id = -1521134259, Distance = 36.00)
                  |  |  |  |  ├> [34] (Id = -1521134261, Distance = 34.00)
                  |  |  |  |  └> [35] (Id = -1521134260, Distance = 35.00)
                  |  |  |  ├> [34,0] (Id = -59649900, Distance = 48.2857...)
                  |  |  |  |  └> [34] (Id = -1521134261, Distance = 34.00)
                  |  |  |  └> [35,0] (Id = -1580784195, Distance = 49.2857...)
                  |  |  |     └> [35] (Id = -1521134260, Distance = 35.00)
                  |  |  └> [37,0] (Id = -328085489, Distance = 51.2857...)
                  |  |     └> [37] (Id = -1521134258, Distance = 37.00)
                  |  ├> [44,0] (Id = 1908876334, Distance = 58.2857...)
                  |  |  ├> [44] (Id = -1521134251, Distance = 44.00)
                  |  |  |  ├> [39] (Id = -1521134256, Distance = 39.00)
                  |  |  |  ├> [42] (Id = -1521134253, Distance = 42.00)
                  |  |  |  |  ├> [40] (Id = -1521134255, Distance = 40.0)
                  |  |  |  |  └> [41] (Id = -1521134254, Distance = 41.00)
                  |  |  |  └> [43] (Id = -1521134252, Distance = 43.00)
                  |  |  ├> [39,0] (Id = 924613217, Distance = 53.2857...)
                  |  |  |  └> [39] (Id = -1521134256, Distance = 39.00)
                  |  |  ├> [42,0] (Id = 656177628, Distance = 56.2857...)
                  |  |  |  ├> [42] (Id = -1521134253, Distance = 42.00)
                  |  |  |  |  ├> [40] (Id = -1521134255, Distance = 40.0)
                  |  |  |  |  └> [41] (Id = -1521134254, Distance = 41.00)
                  |  |  |  ├> [40,0] (Id = -596521078, Distance = 54.2857...)
                  |  |  |  |  └> [40] (Id = -1521134255, Distance = 40.0)
                  |  |  |  └> [41,0] (Id = -2117655373, Distance = 55.2857...)
                  |  |  |     └> [41] (Id = -1521134254, Distance = 41.00)
                  |  |  └> [43,0] (Id = -864956667, Distance = 57.2857...)
                  |  |     └> [43] (Id = -1521134252, Distance = 43.00)
                  |  ├> [47,0] (Id = 1640440745, Distance = 61.2857...)
                  |  |  ├> [47] (Id = -1521134248, Distance = 47.00)
                  |  |  |  ├> [45] (Id = -1521134250, Distance = 45.00)
                  |  |  |  └> [46] (Id = -1521134249, Distance = 46.00)
                  |  |  ├> [45,0] (Id = 387742039, Distance = 59.2857...)
                  |  |  |  └> [45] (Id = -1521134250, Distance = 45.00)
                  |  |  └> [46,0] (Id = -1133392256, Distance = 60.2857...)
                  |  |     └> [46] (Id = -1521134249, Distance = 46.00)
                  |  └> [49,0] (Id = -1401827845, Distance = 63.2857...)
                  |     ├> [49] (Id = -1521134246, Distance = 49.00)
                  |     |  └> [48] (Id = -1521134247, Distance = 48.00)
                  |     └> [48,0] (Id = 119306450, Distance = 62.2857...)
                  |        └> [48] (Id = -1521134247, Distance = 48.00)
                  ├> [75,0] (Id = 1998353445, Distance = 89.2857...)
                  |  ├> [75] (Id = -1521134220, Distance = 75.00)
                  |  |  ├> [51] (Id = -1521134244, Distance = 51.00)
                  |  |  ├> [63] (Id = -1521134232, Distance = 63.00)
                  |  |  |  ├> [52] (Id = -1521134243, Distance = 52.00)
                  |  |  |  ├> [58] (Id = -1521134237, Distance = 58.00)
                  |  |  |  |  ├> [53] (Id = -1521134242, Distance = 53.00)
                  |  |  |  |  ├> [56] (Id = -1521134239, Distance = 56.00)
                  |  |  |  |  |  ├> [54] (Id = -1521134241, Distance = 54.00)
                  |  |  |  |  |  └> [55] (Id = -1521134240, Distance = 55.00)
                  |  |  |  |  └> [57] (Id = -1521134238, Distance = 57.00)
                  |  |  |  ├> [61] (Id = -1521134234, Distance = 61.00)
                  |  |  |  |  ├> [59] (Id = -1521134236, Distance = 59.00)
                  |  |  |  |  └> [60] (Id = -1521134235, Distance = 60.0)
                  |  |  |  └> [62] (Id = -1521134233, Distance = 62.00)
                  |  |  ├> [69] (Id = -1521134226, Distance = 69.00)
                  |  |  |  ├> [64] (Id = -1521134231, Distance = 64.00)
                  |  |  |  ├> [67] (Id = -1521134228, Distance = 67.00)
                  |  |  |  |  ├> [65] (Id = -1521134230, Distance = 65.00)
                  |  |  |  |  └> [66] (Id = -1521134229, Distance = 66.00)
                  |  |  |  └> [68] (Id = -1521134227, Distance = 68.00)
                  |  |  ├> [72] (Id = -1521134223, Distance = 72.00)
                  |  |  |  ├> [70] (Id = -1521134225, Distance = 70.0)
                  |  |  |  └> [71] (Id = -1521134224, Distance = 71.00)
                  |  |  └> [74] (Id = -1521134221, Distance = 74.00)
                  |  |     └> [73] (Id = -1521134222, Distance = 73.00)
                  |  ├> [51,0] (Id = -149129139, Distance = 65.2857...)
                  |  |  └> [51] (Id = -1521134244, Distance = 51.00)
                  |  ├> [63,0] (Id = -1222871495, Distance = 77.2857...)
                  |  |  ├> [63] (Id = -1521134232, Distance = 63.00)
                  |  |  |  ├> [52] (Id = -1521134243, Distance = 52.00)
                  |  |  |  ├> [58] (Id = -1521134237, Distance = 58.00)
                  |  |  |  |  ├> [53] (Id = -1521134242, Distance = 53.00)
                  |  |  |  |  ├> [56] (Id = -1521134239, Distance = 56.00)
                  |  |  |  |  |  ├> [54] (Id = -1521134241, Distance = 54.00)
                  |  |  |  |  |  └> [55] (Id = -1521134240, Distance = 55.00)
                  |  |  |  |  └> [57] (Id = -1521134238, Distance = 57.00)
                  |  |  |  ├> [61] (Id = -1521134234, Distance = 61.00)
                  |  |  |  |  ├> [59] (Id = -1521134236, Distance = 59.00)
                  |  |  |  |  └> [60] (Id = -1521134235, Distance = 60.0)
                  |  |  |  └> [62] (Id = -1521134233, Distance = 62.00)
                  |  |  ├> [52,0] (Id = -1670263434, Distance = 66.2857...)
                  |  |  |  └> [52] (Id = -1521134243, Distance = 52.00)
                  |  |  ├> [58,0] (Id = 2087832684, Distance = 72.2857...)
                  |  |  |  ├> [58] (Id = -1521134237, Distance = 58.00)
                  |  |  |  |  ├> [53] (Id = -1521134242, Distance = 53.00)
                  |  |  |  |  ├> [56] (Id = -1521134239, Distance = 56.00)
                  |  |  |  |  |  ├> [54] (Id = -1521134241, Distance = 54.00)
                  |  |  |  |  |  └> [55] (Id = -1521134240, Distance = 55.00)
                  |  |  |  |  └> [57] (Id = -1521134238, Distance = 57.00)
                  |  |  |  ├> [53,0] (Id = 1103569567, Distance = 67.2857...)
                  |  |  |  |  └> [53] (Id = -1521134242, Distance = 53.00)
                  |  |  |  ├> [56,0] (Id = 835133978, Distance = 70.2857...)
                  |  |  |  |  ├> [56] (Id = -1521134239, Distance = 56.00)
                  |  |  |  |  |  ├> [54] (Id = -1521134241, Distance = 54.00)
                  |  |  |  |  |  └> [55] (Id = -1521134240, Distance = 55.00)
                  |  |  |  |  ├> [54,0] (Id = -417564728, Distance = 68.2857...)
                  |  |  |  |  |  └> [54] (Id = -1521134241, Distance = 54.00)
                  |  |  |  |  └> [55,0] (Id = -1938699023, Distance = 69.2857...)
                  |  |  |  |     └> [55] (Id = -1521134240, Distance = 55.00)
                  |  |  |  └> [57,0] (Id = -686000317, Distance = 71.2857...)
                  |  |  |     └> [57] (Id = -1521134238, Distance = 57.00)
                  |  |  ├> [61,0] (Id = 1819397095, Distance = 75.2857...)
                  |  |  |  ├> [61] (Id = -1521134234, Distance = 61.00)
                  |  |  |  |  ├> [59] (Id = -1521134236, Distance = 59.00)
                  |  |  |  |  └> [60] (Id = -1521134235, Distance = 60.0)
                  |  |  |  ├> [59,0] (Id = 566698389, Distance = 73.2857...)
                  |  |  |  |  └> [59] (Id = -1521134236, Distance = 59.00)
                  |  |  |  └> [60,0] (Id = -954435906, Distance = 74.2857...)
                  |  |  |     └> [60] (Id = -1521134235, Distance = 60.0)
                  |  |  └> [62,0] (Id = 298262800, Distance = 76.2857...)
                  |  |     └> [62] (Id = -1521134233, Distance = 62.00)
                  |  ├> [69,0] (Id = -1759742673, Distance = 83.2857...)
                  |  |  ├> [69] (Id = -1521134226, Distance = 69.00)
                  |  |  |  ├> [64] (Id = -1521134231, Distance = 64.00)
                  |  |  |  ├> [67] (Id = -1521134228, Distance = 67.00)
                  |  |  |  |  ├> [65] (Id = -1521134230, Distance = 65.00)
                  |  |  |  |  └> [66] (Id = -1521134229, Distance = 66.00)
                  |  |  |  └> [68] (Id = -1521134227, Distance = 68.00)
                  |  |  ├> [64,0] (Id = 1550961506, Distance = 78.2857...)
                  |  |  |  └> [64] (Id = -1521134231, Distance = 64.00)
                  |  |  ├> [67,0] (Id = 1282525917, Distance = 81.2857...)
                  |  |  |  ├> [67] (Id = -1521134228, Distance = 67.00)
                  |  |  |  |  ├> [65] (Id = -1521134230, Distance = 65.00)
                  |  |  |  |  └> [66] (Id = -1521134229, Distance = 66.00)
                  |  |  |  ├> [65,0] (Id = 29827211, Distance = 79.2857...)
                  |  |  |  |  └> [65] (Id = -1521134230, Distance = 65.00)
                  |  |  |  └> [66,0] (Id = -1491307084, Distance = 80.2857...)
                  |  |  |     └> [66] (Id = -1521134229, Distance = 66.00)
                  |  |  └> [68,0] (Id = -238608378, Distance = 82.2857...)
                  |  |     └> [68] (Id = -1521134227, Distance = 68.00)
                  |  ├> [72,0] (Id = -2028178262, Distance = 86.2857...)
                  |  |  ├> [72] (Id = -1521134223, Distance = 72.00)
                  |  |  |  ├> [70] (Id = -1521134225, Distance = 70.0)
                  |  |  |  └> [71] (Id = -1521134224, Distance = 71.00)
                  |  |  ├> [70,0] (Id = 1014090328, Distance = 84.2857...)
                  |  |  |  └> [70] (Id = -1521134225, Distance = 70.0)
                  |  |  └> [71,0] (Id = -507043967, Distance = 85.2857...)
                  |  |     └> [71] (Id = -1521134224, Distance = 71.00)
                  |  └> [74,0] (Id = -775479556, Distance = 88.2857...)
                  |     ├> [74] (Id = -1521134221, Distance = 74.00)
                  |     |  └> [73] (Id = -1521134222, Distance = 73.00)
                  |     └> [73,0] (Id = 745654739, Distance = 87.2857...)
                  |        └> [73] (Id = -1521134222, Distance = 73.00)
                  └> [88,0] (Id = -596523206, Distance = 102.2857...)
                     ├> [88] (Id = -1521134207, Distance = 88.00)
                     |  ├> [76] (Id = -1521134219, Distance = 76.00)
                     |  ├> [82] (Id = -1521134213, Distance = 82.00)
                     |  |  ├> [77] (Id = -1521134218, Distance = 77.00)
                     |  |  ├> [80] (Id = -1521134215, Distance = 80.0)
                     |  |  |  ├> [78] (Id = -1521134217, Distance = 78.00)
                     |  |  |  └> [79] (Id = -1521134216, Distance = 79.00)
                     |  |  └> [81] (Id = -1521134214, Distance = 81.00)
                     |  ├> [85] (Id = -1521134210, Distance = 85.00)
                     |  |  ├> [83] (Id = -1521134212, Distance = 83.00)
                     |  |  └> [84] (Id = -1521134211, Distance = 84.00)
                     |  └> [87] (Id = -1521134208, Distance = 87.00)
                     |     └> [86] (Id = -1521134209, Distance = 86.00)
                     ├> [76,0] (Id = 477219150, Distance = 90.2857...)
                     |  └> [76] (Id = -1521134219, Distance = 76.00)
                     ├> [82,0] (Id = -59652028, Distance = 96.2857...)
                     |  ├> [82] (Id = -1521134213, Distance = 82.00)
                     |  |  ├> [77] (Id = -1521134218, Distance = 77.00)
                     |  |  ├> [80] (Id = -1521134215, Distance = 80.0)
                     |  |  |  ├> [78] (Id = -1521134217, Distance = 78.00)
                     |  |  |  └> [79] (Id = -1521134216, Distance = 79.00)
                     |  |  └> [81] (Id = -1521134214, Distance = 81.00)
                     |  ├> [77,0] (Id = -1043915145, Distance = 91.2857...)
                     |  |  └> [77] (Id = -1521134218, Distance = 77.00)
                     |  ├> [80,0] (Id = -1312350734, Distance = 94.2857...)
                     |  |  ├> [80] (Id = -1521134215, Distance = 80.0)
                     |  |  |  ├> [78] (Id = -1521134217, Distance = 78.00)
                     |  |  |  └> [79] (Id = -1521134216, Distance = 79.00)
                     |  |  ├> [78,0] (Id = 1729917856, Distance = 92.2857...)
                     |  |  |  └> [78] (Id = -1521134217, Distance = 78.00)
                     |  |  └> [79,0] (Id = 208783561, Distance = 93.2857...)
                     |  |     └> [79] (Id = -1521134216, Distance = 79.00)
                     |  └> [81,0] (Id = 1461482267, Distance = 95.2857...)
                     |     └> [81] (Id = -1521134214, Distance = 81.00)
                     └> [85,0] (Id = -328087617, Distance = 99.2857...)
                        └> [85] (Id = -1521134210, Distance = 85.00)
                           └> [83] (Id = -1521134212, Distance = 83.00)
