Create, Read, Update, Delete (Id = 1466117021, Distance = 1266.6667...)
└> Create, Read, Update, Delete (Id = 907640744, Distance = 1266.6667...)
   ├> Delete (Id = -1521134292, Distance = 100)
   |  ├> Create (Id = -1521134295, Distance = 0)
   |  └> Update (Id = -1521134293, Distance = 66.6667...)
   |     └> Read (Id = -1521134294, Distance = 33.3333...)
   └> Update, Delete (Id = 1010380264, Distance = 1016.6667...)
      └> Delete (Id = -885514944, Distance = 625.00)
         └> Delete (Id = 1851162208, Distance = 415.00)
            └> Delete (Id = 298005980, Distance = 310.0)
               ├> Delete (Id = -149127008, Distance = 205.00)
               |  ├> Create, Delete (Id = 119308581, Distance = 105.00)
               |  |  ├> Create, Delete (Id = -149127011, Distance = 105.00)
               |  |  |  ├> Create (Id = -1521134295, Distance = 0)
               |  |  |  ├> Create (Id = 119308578, Distance = 5.00)
               |  |  |  └> Create, Update (Id = 1372007284, Distance = 71.6667...)
               |  |  |     ├> Update (Id = -1521134293, Distance = 66.6667...)
               |  |  |     |  └> Read (Id = -1521134294, Distance = 33.3333...)
               |  |  |     └> Create, Read (Id = -1401825717, Distance = 38.3333...)
               |  |  |        └> Read (Id = -1521134294, Distance = 33.3333...)
               |  |  ├> Create (Id = -1521134295, Distance = 0)
               |  |  ├> Create (Id = 119308578, Distance = 5.00)
               |  |  └> Create, Update (Id = 119308580, Distance = 71.6667...)
               |  |     ├> Create, Update (Id = 1372007284, Distance = 71.6667...)
               |  |     |  ├> Update (Id = -1521134293, Distance = 66.6667...)
               |  |     |  |  └> Read (Id = -1521134294, Distance = 33.3333...)
               |  |     |  └> Create, Read (Id = -1401825717, Distance = 38.3333...)
               |  |     |     └> Read (Id = -1521134294, Distance = 33.3333...)
               |  |     ├> Update (Id = -1521134293, Distance = 66.6667...)
               |  |     |  └> Read (Id = -1521134294, Distance = 33.3333...)
               |  |     └> Create, Read (Id = 119308579, Distance = 38.3333...)
               |  |        ├> Create, Read (Id = -1401825717, Distance = 38.3333...)
               |  |        |  └> Read (Id = -1521134294, Distance = 33.3333...)
               |  |        └> Read (Id = -1521134294, Distance = 33.3333...)
               |  ├> Update, Delete (Id = 1372007287, Distance = 171.6667...)
               |  |  ├> Update, Delete (Id = -149127009, Distance = 171.6667...)
               |  |  |  ├> Update (Id = -1521134293, Distance = 66.6667...)
               |  |  |  |  └> Read (Id = -1521134294, Distance = 33.3333...)
               |  |  |  ├> Create, Update (Id = 119308580, Distance = 71.6667...)
               |  |  |  |  ├> Create, Update (Id = 1372007284, Distance = 71.6667...)
               |  |  |  |  |  ├> Create (Id = -1521134295, Distance = 0)
               |  |  |  |  |  └> Create, Read (Id = -1401825717, Distance = 38.3333...)
               |  |  |  |  |     └> Read (Id = -1521134294, Distance = 33.3333...)
               |  |  |  |  ├> Create (Id = -1521134295, Distance = 0)
               |  |  |  |  └> Create, Read (Id = 119308579, Distance = 38.3333...)
               |  |  |  |     ├> Create, Read (Id = -1401825717, Distance = 38.3333...)
               |  |  |  |     |  └> Read (Id = -1521134294, Distance = 33.3333...)
               |  |  |  |     └> Read (Id = -1521134294, Distance = 33.3333...)
               |  |  |  ├> Update (Id = 1372007286, Distance = 138.3333...)
               |  |  |  |  ├> Read, Update (Id = -1401825715, Distance = 105.0000)
               |  |  |  |  |  ├> Read, Update (Id = 1372007285, Distance = 105.0000)
               |  |  |  |  |  |  ├> Read (Id = -1521134294, Distance = 33.3333...)
               |  |  |  |  |  |  └> Read (Id = -1401825716, Distance = 71.6667...)
               |  |  |  |  |  ├> Read (Id = -1521134294, Distance = 33.3333...)
               |  |  |  |  |  └> Read (Id = -1401825716, Distance = 71.6667...)
               |  |  |  |  └> Read, Update (Id = 1372007285, Distance = 105.0000)
               |  |  |  |     ├> Read (Id = -1521134294, Distance = 33.3333...)
               |  |  |  |     └> Read (Id = -1401825716, Distance = 71.6667...)
               |  |  |  └> Read, Delete (Id = -149127010, Distance = 138.3333...)
               |  |  |     ├> Read (Id = -1521134294, Distance = 33.3333...)
               |  |  |     ├> Create, Read (Id = 119308579, Distance = 38.3333...)
               |  |  |     |  ├> Create, Read (Id = -1401825717, Distance = 38.3333...)
               |  |  |     |  |  └> Create (Id = -1521134295, Distance = 0)
               |  |  |     |  └> Create (Id = -1521134295, Distance = 0)
               |  |  |     └> Read, Update (Id = 1372007285, Distance = 105.0000)
               |  |  |        └> Read (Id = -1401825716, Distance = 71.6667...)
               |  |  ├> Update (Id = -1521134293, Distance = 66.6667...)
               |  |  |  └> Read (Id = -1521134294, Distance = 33.3333...)
               |  |  ├> Read, Delete (Id = -1401825714, Distance = 138.3333...)
               |  |  |  ├> Read, Delete (Id = -149127010, Distance = 138.3333...)
               |  |  |  |  ├> Read (Id = -1521134294, Distance = 33.3333...)
               |  |  |  |  ├> Create, Read (Id = 119308579, Distance = 38.3333...)
               |  |  |  |  |  ├> Create, Read (Id = -1401825717, Distance = 38.3333...)
               |  |  |  |  |  |  └> Create (Id = -1521134295, Distance = 0)
               |  |  |  |  |  └> Create (Id = -1521134295, Distance = 0)
               |  |  |  |  └> Read, Update (Id = 1372007285, Distance = 105.0000)
               |  |  |  |     └> Read (Id = -1401825716, Distance = 71.6667...)
               |  |  |  ├> Read (Id = -1521134294, Distance = 33.3333...)
               |  |  |  ├> Create, Read (Id = -1401825717, Distance = 38.3333...)
               |  |  |  |  └> Create (Id = -1521134295, Distance = 0)
               |  |  |  └> Read, Update (Id = -1401825715, Distance = 105.0000)
               |  |  |     ├> Read, Update (Id = 1372007285, Distance = 105.0000)
               |  |  |     |  └> Read (Id = -1401825716, Distance = 71.6667...)
               |  |  |     └> Read (Id = -1401825716, Distance = 71.6667...)
               |  |  ├> Create, Update (Id = 1372007284, Distance = 71.6667...)
               |  |  |  ├> Create (Id = -1521134295, Distance = 0)
               |  |  |  └> Create, Read (Id = -1401825717, Distance = 38.3333...)
               |  |  |     └> Read (Id = -1521134294, Distance = 33.3333...)
               |  |  └> Update (Id = 1372007286, Distance = 138.3333...)
               |  |     ├> Read, Update (Id = -1401825715, Distance = 105.0000)
               |  |     |  ├> Read, Update (Id = 1372007285, Distance = 105.0000)
               |  |     |  |  ├> Read (Id = -1521134294, Distance = 33.3333...)
               |  |     |  |  └> Read (Id = -1401825716, Distance = 71.6667...)
               |  |     |  ├> Read (Id = -1521134294, Distance = 33.3333...)
               |  |     |  └> Read (Id = -1401825716, Distance = 71.6667...)
               |  |     └> Read, Update (Id = 1372007285, Distance = 105.0000)
               |  |        ├> Read (Id = -1521134294, Distance = 33.3333...)
               |  |        └> Read (Id = -1401825716, Distance = 71.6667...)
               |  ├> Create, Delete (Id = -149127011, Distance = 105.00)
               |  |  ├> Create (Id = -1521134295, Distance = 0)
               |  |  ├> Create (Id = 119308578, Distance = 5.00)
               |  |  └> Create, Update (Id = 1372007284, Distance = 71.6667...)
               |  |     ├> Update (Id = -1521134293, Distance = 66.6667...)
               |  |     |  └> Read (Id = -1521134294, Distance = 33.3333...)
               |  |     └> Create, Read (Id = -1401825717, Distance = 38.3333...)
               |  |        └> Read (Id = -1521134294, Distance = 33.3333...)
               |  └> Update, Delete (Id = -149127009, Distance = 171.6667...)
               |     ├> Update (Id = -1521134293, Distance = 66.6667...)
               |     |  └> Read (Id = -1521134294, Distance = 33.3333...)
               |     ├> Create, Update (Id = 119308580, Distance = 71.6667...)
               |     |  ├> Create, Update (Id = 1372007284, Distance = 71.6667...)
               |     |  |  ├> Create (Id = -1521134295, Distance = 0)
               |     |  |  └> Create, Read (Id = -1401825717, Distance = 38.3333...)
               |     |  |     └> Read (Id = -1521134294, Distance = 33.3333...)
               |     |  ├> Create (Id = -1521134295, Distance = 0)
               |     |  └> Create, Read (Id = 119308579, Distance = 38.3333...)
               |     |     ├> Create, Read (Id = -1401825717, Distance = 38.3333...)
               |     |     |  └> Read (Id = -1521134294, Distance = 33.3333...)
               |     |     └> Read (Id = -1521134294, Distance = 33.3333...)
               |     ├> Update (Id = 1372007286, Distance = 138.3333...)
               |     |  ├> Read, Update (Id = -1401825715, Distance = 105.0000)
               |     |  |  ├> Read, Update (Id = 1372007285, Distance = 105.0000)
               |     |  |  |  ├> Read (Id = -1521134294, Distance = 33.3333...)
               |     |  |  |  └> Read (Id = -1401825716, Distance = 71.6667...)
               |     |  |  ├> Read (Id = -1521134294, Distance = 33.3333...)
               |     |  |  └> Read (Id = -1401825716, Distance = 71.6667...)
               |     |  └> Read, Update (Id = 1372007285, Distance = 105.0000)
               |     |     ├> Read (Id = -1521134294, Distance = 33.3333...)
               |     |     └> Read (Id = -1401825716, Distance = 71.6667...)
               |     └> Read, Delete (Id = -149127010, Distance = 138.3333...)
               |        ├> Read (Id = -1521134294, Distance = 33.3333...)
               |        ├> Create, Read (Id = 119308579, Distance = 38.3333...)
               |        |  ├> Create, Read (Id = -1401825717, Distance = 38.3333...)
               |        |  |  └> Create (Id = -1521134295, Distance = 0)
               |        |  └> Create (Id = -1521134295, Distance = 0)
               |        └> Read, Update (Id = 1372007285, Distance = 105.0000)
               |           └> Read (Id = -1401825716, Distance = 71.6667...)
               └> Create, Delete (Id = -2028440535, Distance = 210.0)
                  └> Create, Delete (Id = 298005977, Distance = 210.0)
                     ├> Create, Delete (Id = -149127011, Distance = 105.00)
                     |  ├> Create (Id = -1521134295, Distance = 0)
                     |  ├> Create (Id = 119308578, Distance = 5.00)
                     |  └> Create, Update (Id = 1372007284, Distance = 71.6667...)
                     |     ├> Update (Id = -1521134293, Distance = 66.6667...)
                     |     |  └> Read (Id = -1521134294, Distance = 33.3333...)
                     |     └> Create, Read (Id = -1401825717, Distance = 38.3333...)
                     |        └> Read (Id = -1521134294, Distance = 33.3333...)
                     ├> Create, Delete (Id = -2028440538, Distance = 110.0)
                     |  ├> Create, Delete (Id = 566441566, Distance = 110.0)
                     |  |  ├> Create (Id = 119308578, Distance = 5.00)
                     |  |  |  └> Create (Id = -1521134295, Distance = 0)
                     |  |  ├> Create (Id = -1760004949, Distance = 10.0)
                     |  |  |  └> Create (Id = -1521134295, Distance = 0)
                     |  |  └> Create, Update (Id = -1640696371, Distance = 76.6667...)
                     |  |     ├> Update (Id = -1521134293, Distance = 66.6667...)
                     |  |     |  └> Read (Id = -1521134294, Distance = 33.3333...)
                     |  |     ├> Create, Update (Id = 1372007284, Distance = 71.6667...)
                     |  |     |  ├> Create (Id = -1521134295, Distance = 0)
                     |  |     |  └> Create, Read (Id = -1401825717, Distance = 38.3333...)
                     |  |     |     └> Read (Id = -1521134294, Distance = 33.3333...)
                     |  |     └> Create, Read (Id = 447132988, Distance = 43.3333...)
                     |  |        ├> Read (Id = -1521134294, Distance = 33.3333...)
                     |  |        └> Create, Read (Id = -1401825717, Distance = 38.3333...)
                     |  |           └> Create (Id = -1521134295, Distance = 0)
                     |  ├> Create (Id = -1521134295, Distance = 0)
                     |  ├> Create, Delete (Id = 119308581, Distance = 105.00)
                     |  |  ├> Create (Id = 119308578, Distance = 5.00)
                     |  |  └> Create, Update (Id = 119308580, Distance = 71.6667...)
                     |  |     ├> Create, Update (Id = 1372007284, Distance = 71.6667...)
                     |  |     |  ├> Update (Id = -1521134293, Distance = 66.6667...)
                     |  |     |  |  └> Read (Id = -1521134294, Distance = 33.3333...)
                     |  |     |  └> Create, Read (Id = -1401825717, Distance = 38.3333...)
                     |  |     |     └> Read (Id = -1521134294, Distance = 33.3333...)
                     |  |     ├> Update (Id = -1521134293, Distance = 66.6667...)
                     |  |     |  └> Read (Id = -1521134294, Distance = 33.3333...)
                     |  |     └> Create, Read (Id = 119308579, Distance = 38.3333...)
                     |  |        ├> Create, Read (Id = -1401825717, Distance = 38.3333...)
                     |  |        |  └> Read (Id = -1521134294, Distance = 33.3333...)
                     |  |        └> Read (Id = -1521134294, Distance = 33.3333...)
                     |  ├> Create (Id = 119308578, Distance = 5.00)
                     |  ├> Create (Id = -1760004949, Distance = 10.0)
                     |  └> Create, Update (Id = -507306243, Distance = 76.6667...)
                     |     ├> Create, Update (Id = -1640696371, Distance = 76.6667...)
                     |     |  ├> Update (Id = -1521134293, Distance = 66.6667...)
                     |     |  |  └> Read (Id = -1521134294, Distance = 33.3333...)
                     |     |  ├> Create, Update (Id = 1372007284, Distance = 71.6667...)
                     |     |  |  └> Create, Read (Id = -1401825717, Distance = 38.3333...)
                     |     |  |     └> Read (Id = -1521134294, Distance = 33.3333...)
                     |     |  └> Create, Read (Id = 447132988, Distance = 43.3333...)
                     |     |     ├> Read (Id = -1521134294, Distance = 33.3333...)
                     |     |     └> Create, Read (Id = -1401825717, Distance = 38.3333...)
                     |     ├> Create, Update (Id = 119308580, Distance = 71.6667...)
                     |     |  ├> Create, Update (Id = 1372007284, Distance = 71.6667...)
                     |     |  |  ├> Update (Id = -1521134293, Distance = 66.6667...)
                     |     |  |  |  └> Read (Id = -1521134294, Distance = 33.3333...)
                     |     |  |  └> Create, Read (Id = -1401825717, Distance = 38.3333...)
                     |     |  |     └> Read (Id = -1521134294, Distance = 33.3333...)
                     |     |  ├> Update (Id = -1521134293, Distance = 66.6667...)
                     |     |  |  └> Read (Id = -1521134294, Distance = 33.3333...)
                     |     |  └> Create, Read (Id = 119308579, Distance = 38.3333...)
                     |     |     ├> Create, Read (Id = -1401825717, Distance = 38.3333...)
                     |     |     |  └> Read (Id = -1521134294, Distance = 33.3333...)
                     |     |     └> Read (Id = -1521134294, Distance = 33.3333...)
                     |     ├> Create, Update (Id = 1372007284, Distance = 71.6667...)
                     |     |  ├> Update (Id = -1521134293, Distance = 66.6667...)
                     |     |  |  └> Read (Id = -1521134294, Distance = 33.3333...)
                     |     |  └> Create, Read (Id = -1401825717, Distance = 38.3333...)
                     |     |     └> Read (Id = -1521134294, Distance = 33.3333...)
                     |     └> Create, Read (Id = 1013828052, Distance = 43.3333...)
                     |        ├> Create, Read (Id = 447132988, Distance = 43.3333...)
                     |        |  ├> Read (Id = -1521134294, Distance = 33.3333...)
                     |        |  └> Create, Read (Id = -1401825717, Distance = 38.3333...)
                     |        ├> Create, Read (Id = 119308579, Distance = 38.3333...)
                     |        |  ├> Create, Read (Id = -1401825717, Distance = 38.3333...)
                     |        |  |  └> Read (Id = -1521134294, Distance = 33.3333...)
                     |        |  └> Read (Id = -1521134294, Distance = 33.3333...)
                     |        └> Create, Read (Id = -1401825717, Distance = 38.3333...)
                     |           └> Read (Id = -1521134294, Distance = 33.3333...)
                     └> Create, Update, Delete (Id = -1909131960, Distance = 176.6667...)
                        ├> Create, Update, Delete (Id = 1819140272, Distance = 176.6667...)
                        |  ├> Update, Delete (Id = -149127009, Distance = 171.6667...)
                        |  |  ├> Update (Id = -1521134293, Distance = 66.6667...)
                        |  |  |  └> Read (Id = -1521134294, Distance = 33.3333...)
                        |  |  ├> Create, Update (Id = 119308580, Distance = 71.6667...)
                        |  |  |  ├> Create, Update (Id = 1372007284, Distance = 71.6667...)
                        |  |  |  |  ├> Create (Id = -1521134295, Distance = 0)
                        |  |  |  |  └> Create, Read (Id = -1401825717, Distance = 38.3333...)
                        |  |  |  |     └> Read (Id = -1521134294, Distance = 33.3333...)
                        |  |  |  ├> Create (Id = -1521134295, Distance = 0)
                        |  |  |  └> Create, Read (Id = 119308579, Distance = 38.3333...)
                        |  |  |     ├> Create, Read (Id = -1401825717, Distance = 38.3333...)
                        |  |  |     |  └> Read (Id = -1521134294, Distance = 33.3333...)
                        |  |  |     └> Read (Id = -1521134294, Distance = 33.3333...)
                        |  |  ├> Update (Id = 1372007286, Distance = 138.3333...)
                        |  |  |  ├> Read, Update (Id = -1401825715, Distance = 105.0000)
                        |  |  |  |  ├> Read, Update (Id = 1372007285, Distance = 105.0000)
                        |  |  |  |  |  ├> Read (Id = -1521134294, Distance = 33.3333...)
                        |  |  |  |  |  └> Read (Id = -1401825716, Distance = 71.6667...)
                        |  |  |  |  ├> Read (Id = -1521134294, Distance = 33.3333...)
                        |  |  |  |  └> Read (Id = -1401825716, Distance = 71.6667...)
                        |  |  |  └> Read, Update (Id = 1372007285, Distance = 105.0000)
                        |  |  |     ├> Read (Id = -1521134294, Distance = 33.3333...)
                        |  |  |     └> Read (Id = -1401825716, Distance = 71.6667...)
                        |  |  └> Read, Delete (Id = -149127010, Distance = 138.3333...)
                        |  |     ├> Read (Id = -1521134294, Distance = 33.3333...)
                        |  |     ├> Create, Read (Id = 119308579, Distance = 38.3333...)
                        |  |     |  ├> Create, Read (Id = -1401825717, Distance = 38.3333...)
                        |  |     |  |  └> Create (Id = -1521134295, Distance = 0)
                        |  |     |  └> Create (Id = -1521134295, Distance = 0)
                        |  |     └> Read, Update (Id = 1372007285, Distance = 105.0000)
                        |  |        └> Read (Id = -1401825716, Distance = 71.6667...)
                        |  ├> Create, Update (Id = 1372007284, Distance = 71.6667...)
                        |  |  ├> Update (Id = -1521134293, Distance = 66.6667...)
                        |  |  |  └> Read (Id = -1521134294, Distance = 33.3333...)
                        |  |  ├> Create (Id = -1521134295, Distance = 0)
                        |  |  └> Create, Read (Id = -1401825717, Distance = 38.3333...)
                        |  |     └> Read (Id = -1521134294, Distance = 33.3333...)
                        |  ├> Create, Update (Id = -507306243, Distance = 76.6667...)
                        |  |  ├> Create, Update (Id = -1640696371, Distance = 76.6667...)
                        |  |  |  ├> Update (Id = -1521134293, Distance = 66.6667...)
                        |  |  |  |  └> Read (Id = -1521134294, Distance = 33.3333...)
                        |  |  |  ├> Create (Id = 119308578, Distance = 5.00)
                        |  |  |  |  └> Create (Id = -1521134295, Distance = 0)
                        |  |  |  └> Create, Read (Id = 447132988, Distance = 43.3333...)
                        |  |  |     ├> Read (Id = -1521134294, Distance = 33.3333...)
                        |  |  |     └> Create, Read (Id = -1401825717, Distance = 38.3333...)
                        |  |  |        └> Create (Id = -1521134295, Distance = 0)
                        |  |  ├> Create (Id = -1521134295, Distance = 0)
                        |  |  ├> Create, Update (Id = 119308580, Distance = 71.6667...)
                        |  |  |  ├> Update (Id = -1521134293, Distance = 66.6667...)
                        |  |  |  |  └> Read (Id = -1521134294, Distance = 33.3333...)
                        |  |  |  └> Create, Read (Id = 119308579, Distance = 38.3333...)
                        |  |  |     ├> Create, Read (Id = -1401825717, Distance = 38.3333...)
                        |  |  |     |  └> Read (Id = -1521134294, Distance = 33.3333...)
                        |  |  |     └> Read (Id = -1521134294, Distance = 33.3333...)
                        |  |  ├> Create (Id = 119308578, Distance = 5.00)
                        |  |  └> Create, Read (Id = 1013828052, Distance = 43.3333...)
                        |  |     ├> Create, Read (Id = 447132988, Distance = 43.3333...)
                        |  |     |  ├> Read (Id = -1521134294, Distance = 33.3333...)
                        |  |     |  └> Create, Read (Id = -1401825717, Distance = 38.3333...)
                        |  |     ├> Create, Read (Id = 119308579, Distance = 38.3333...)
                        |  |     |  ├> Create, Read (Id = -1401825717, Distance = 38.3333...)
                        |  |     |  |  └> Read (Id = -1521134294, Distance = 33.3333...)
                        |  |     |  └> Read (Id = -1521134294, Distance = 33.3333...)
                        |  |     └> Create, Read (Id = -1401825717, Distance = 38.3333...)
                        |  |        └> Read (Id = -1521134294, Distance = 33.3333...)
                        |  ├> Create, Update (Id = -387997665, Distance = 143.3333...)
                        |  |  ├> Update (Id = -1521134293, Distance = 66.6667...)
                        |  |  |  └> Read (Id = -1521134294, Distance = 33.3333...)
                        |  |  ├> Update (Id = 1372007286, Distance = 138.3333...)
                        |  |  |  ├> Read, Update (Id = -1401825715, Distance = 105.0000)
                        |  |  |  |  ├> Read, Update (Id = 1372007285, Distance = 105.0000)
                        |  |  |  |  |  ├> Read (Id = -1521134294, Distance = 33.3333...)
                        |  |  |  |  |  └> Read (Id = -1401825716, Distance = 71.6667...)
                        |  |  |  |  ├> Read (Id = -1521134294, Distance = 33.3333...)
                        |  |  |  |  └> Read (Id = -1401825716, Distance = 71.6667...)
                        |  |  |  └> Read, Update (Id = 1372007285, Distance = 105.0000)
                        |  |  |     ├> Read (Id = -1521134294, Distance = 33.3333...)
                        |  |  |     └> Read (Id = -1401825716, Distance = 71.6667...)
                        |  |  ├> Create, Read, Update (Id = 1699831694, Distance = 110.0000)
                        |  |  |  ├> Create, Read, Update (Id = 1133136630, Distance = 110.0000)
                        |  |  |  |  ├> Read, Update (Id = 1372007285, Distance = 105.0000)
                        |  |  |  |  |  ├> Read (Id = -1521134294, Distance = 33.3333...)
                        |  |  |  |  |  └> Read (Id = -1401825716, Distance = 71.6667...)
                        |  |  |  |  ├> Create, Read (Id = -1401825717, Distance = 38.3333...)
                        |  |  |  |  |  ├> Read (Id = -1521134294, Distance = 33.3333...)
                        |  |  |  |  |  └> Create (Id = -1521134295, Distance = 0)
                        |  |  |  |  └> Create, Read (Id = -1074001307, Distance = 76.6667...)
                        |  |  |  |     ├> Read (Id = -1521134294, Distance = 33.3333...)
                        |  |  |  |     └> Read (Id = -1401825716, Distance = 71.6667...)
                        |  |  |  ├> Read (Id = -1521134294, Distance = 33.3333...)
                        |  |  |  ├> Read, Update (Id = -1401825715, Distance = 105.0000)
                        |  |  |  |  ├> Read, Update (Id = 1372007285, Distance = 105.0000)
                        |  |  |  |  |  └> Read (Id = -1401825716, Distance = 71.6667...)
                        |  |  |  |  └> Read (Id = -1401825716, Distance = 71.6667...)
                        |  |  |  ├> Create, Read (Id = -1401825717, Distance = 38.3333...)
                        |  |  |  |  └> Create (Id = -1521134295, Distance = 0)
                        |  |  |  └> Create, Read (Id = -1074001307, Distance = 76.6667...)
                        |  |  |     └> Read (Id = -1401825716, Distance = 71.6667...)
                        |  |  └> Create, Read, Update (Id = 1133136630, Distance = 110.0000)
                        |  |     ├> Read, Update (Id = 1372007285, Distance = 105.0000)
                        |  |     |  ├> Read (Id = -1521134294, Distance = 33.3333...)
                        |  |     |  └> Read (Id = -1401825716, Distance = 71.6667...)
                        |  |     ├> Create, Read (Id = -1401825717, Distance = 38.3333...)
                        |  |     |  ├> Read (Id = -1521134294, Distance = 33.3333...)
                        |  |     |  └> Create (Id = -1521134295, Distance = 0)
                        |  |     └> Create, Read (Id = -1074001307, Distance = 76.6667...)
                        |  |        ├> Read (Id = -1521134294, Distance = 33.3333...)
                        |  |        └> Read (Id = -1401825716, Distance = 71.6667...)
                        |  └> Create, Read, Delete (Id = -954692729, Distance = 143.3333...)
                        |     ├> Read, Delete (Id = -149127010, Distance = 138.3333...)
                        |     |  ├> Read (Id = -1521134294, Distance = 33.3333...)
                        |     |  ├> Create, Read (Id = 119308579, Distance = 38.3333...)
                        |     |  |  ├> Create, Read (Id = -1401825717, Distance = 38.3333...)
                        |     |  |  |  └> Create (Id = -1521134295, Distance = 0)
                        |     |  |  └> Create (Id = -1521134295, Distance = 0)
                        |     |  └> Read, Update (Id = 1372007285, Distance = 105.0000)
                        |     |     ├> Update (Id = -1521134293, Distance = 66.6667...)
                        |     |     └> Read (Id = -1401825716, Distance = 71.6667...)
                        |     ├> Create, Read (Id = -1401825717, Distance = 38.3333...)
                        |     |  ├> Read (Id = -1521134294, Distance = 33.3333...)
                        |     |  └> Create (Id = -1521134295, Distance = 0)
                        |     ├> Create, Read (Id = 1013828052, Distance = 43.3333...)
                        |     |  ├> Create, Read (Id = 447132988, Distance = 43.3333...)
                        |     |  |  ├> Read (Id = -1521134294, Distance = 33.3333...)
                        |     |  |  └> Create (Id = 119308578, Distance = 5.00)
                        |     |  |     └> Create (Id = -1521134295, Distance = 0)
                        |     |  ├> Create (Id = -1521134295, Distance = 0)
                        |     |  ├> Create, Read (Id = 119308579, Distance = 38.3333...)
                        |     |  |  └> Read (Id = -1521134294, Distance = 33.3333...)
                        |     |  └> Create (Id = 119308578, Distance = 5.00)
                        |     └> Create, Read, Update (Id = 1133136630, Distance = 110.0000)
                        |        ├> Update (Id = -1521134293, Distance = 66.6667...)
                        |        |  └> Read (Id = -1521134294, Distance = 33.3333...)
                        |        ├> Read, Update (Id = 1372007285, Distance = 105.0000)
                        |        |  ├> Read (Id = -1521134294, Distance = 33.3333...)
                        |        |  └> Read (Id = -1401825716, Distance = 71.6667...)
                        |        └> Create, Read (Id = -1074001307, Distance = 76.6667...)
                        |           ├> Read (Id = -1521134294, Distance = 33.3333...)
                        |           └> Read (Id = -1401825716, Distance = 71.6667...)
                        ├> Update (Id = -1521134293, Distance = 66.6667...)
                        |  └> Read (Id = -1521134294, Distance = 33.3333...)
                        ├> Update, Delete (Id = 1372007287, Distance = 171.6667...)
                        |  ├> Update, Delete (Id = -149127009, Distance = 171.6667...)
                        |  |  ├> Create, Update (Id = 119308580, Distance = 71.6667...)
                        |  |  |  ├> Create, Update (Id = 1372007284, Distance = 71.6667...)
                        |  |  |  |  ├> Create (Id = -1521134295, Distance = 0)
                        |  |  |  |  └> Create, Read (Id = -1401825717, Distance = 38.3333...)
                        |  |  |  |     └> Read (Id = -1521134294, Distance = 33.3333...)
                        |  |  |  ├> Create (Id = -1521134295, Distance = 0)
                        |  |  |  └> Create, Read (Id = 119308579, Distance = 38.3333...)
                        |  |  |     ├> Create, Read (Id = -1401825717, Distance = 38.3333...)
                        |  |  |     |  └> Read (Id = -1521134294, Distance = 33.3333...)
                        |  |  |     └> Read (Id = -1521134294, Distance = 33.3333...)
                        |  |  ├> Update (Id = 1372007286, Distance = 138.3333...)
                        |  |  |  ├> Read, Update (Id = -1401825715, Distance = 105.0000)
                        |  |  |  |  ├> Read, Update (Id = 1372007285, Distance = 105.0000)
                        |  |  |  |  |  ├> Read (Id = -1521134294, Distance = 33.3333...)
                        |  |  |  |  |  └> Read (Id = -1401825716, Distance = 71.6667...)
                        |  |  |  |  ├> Read (Id = -1521134294, Distance = 33.3333...)
                        |  |  |  |  └> Read (Id = -1401825716, Distance = 71.6667...)
                        |  |  |  └> Read, Update (Id = 1372007285, Distance = 105.0000)
                        |  |  |     ├> Read (Id = -1521134294, Distance = 33.3333...)
                        |  |  |     └> Read (Id = -1401825716, Distance = 71.6667...)
                        |  |  └> Read, Delete (Id = -149127010, Distance = 138.3333...)
                        |  |     ├> Read (Id = -1521134294, Distance = 33.3333...)
                        |  |     ├> Create, Read (Id = 119308579, Distance = 38.3333...)
                        |  |     |  ├> Create, Read (Id = -1401825717, Distance = 38.3333...)
                        |  |     |  |  └> Create (Id = -1521134295, Distance = 0)
                        |  |     |  └> Create (Id = -1521134295, Distance = 0)
                        |  |     └> Read, Update (Id = 1372007285, Distance = 105.0000)
                        |  |        └> Read (Id = -1401825716, Distance = 71.6667...)
                        |  ├> Read, Delete (Id = -1401825714, Distance = 138.3333...)
                        |  |  ├> Read, Delete (Id = -149127010, Distance = 138.3333...)
                        |  |  |  ├> Read (Id = -1521134294, Distance = 33.3333...)
                        |  |  |  ├> Create, Read (Id = 119308579, Distance = 38.3333...)
                        |  |  |  |  ├> Create, Read (Id = -1401825717, Distance = 38.3333...)
                        |  |  |  |  |  └> Create (Id = -1521134295, Distance = 0)
                        |  |  |  |  └> Create (Id = -1521134295, Distance = 0)
                        |  |  |  └> Read, Update (Id = 1372007285, Distance = 105.0000)
                        |  |  |     └> Read (Id = -1401825716, Distance = 71.6667...)
                        |  |  ├> Read (Id = -1521134294, Distance = 33.3333...)
                        |  |  ├> Create, Read (Id = -1401825717, Distance = 38.3333...)
                        |  |  |  └> Create (Id = -1521134295, Distance = 0)
                        |  |  └> Read, Update (Id = -1401825715, Distance = 105.0000)
                        |  |     ├> Read, Update (Id = 1372007285, Distance = 105.0000)
                        |  |     |  └> Read (Id = -1401825716, Distance = 71.6667...)
                        |  |     └> Read (Id = -1401825716, Distance = 71.6667...)
                        |  ├> Create, Update (Id = 1372007284, Distance = 71.6667...)
                        |  |  ├> Create (Id = -1521134295, Distance = 0)
                        |  |  └> Create, Read (Id = -1401825717, Distance = 38.3333...)
                        |  |     └> Read (Id = -1521134294, Distance = 33.3333...)
                        |  └> Update (Id = 1372007286, Distance = 138.3333...)
                        |     ├> Read, Update (Id = -1401825715, Distance = 105.0000)
                        |     |  ├> Read, Update (Id = 1372007285, Distance = 105.0000)
                        |     |  |  ├> Read (Id = -1521134294, Distance = 33.3333...)
                        |     |  |  └> Read (Id = -1401825716, Distance = 71.6667...)
                        |     |  ├> Read (Id = -1521134294, Distance = 33.3333...)
                        |     |  └> Read (Id = -1401825716, Distance = 71.6667...)
                        |     └> Read, Update (Id = 1372007285, Distance = 105.0000)
                        |        ├> Read (Id = -1521134294, Distance = 33.3333...)
                        |        └> Read (Id = -1401825716, Distance = 71.6667...)
                        ├> Create, Update (Id = 1372007284, Distance = 71.6667...)
                        |  ├> Create (Id = -1521134295, Distance = 0)
                        |  └> Create, Read (Id = -1401825717, Distance = 38.3333...)
                        |     └> Read (Id = -1521134294, Distance = 33.3333...)
                        ├> Create, Read, Delete (Id = 178697399, Distance = 143.3333...)
                        |  ├> Create, Read, Delete (Id = -954692729, Distance = 143.3333...)
                        |  |  ├> Read, Delete (Id = -149127010, Distance = 138.3333...)
                        |  |  |  ├> Read (Id = -1521134294, Distance = 33.3333...)
                        |  |  |  ├> Create, Read (Id = 119308579, Distance = 38.3333...)
                        |  |  |  |  ├> Create, Read (Id = -1401825717, Distance = 38.3333...)
                        |  |  |  |  |  └> Create (Id = -1521134295, Distance = 0)
                        |  |  |  |  └> Create (Id = -1521134295, Distance = 0)
                        |  |  |  └> Read, Update (Id = 1372007285, Distance = 105.0000)
                        |  |  |     └> Read (Id = -1401825716, Distance = 71.6667...)
                        |  |  ├> Create, Read (Id = -1401825717, Distance = 38.3333...)
                        |  |  |  ├> Read (Id = -1521134294, Distance = 33.3333...)
                        |  |  |  └> Create (Id = -1521134295, Distance = 0)
                        |  |  ├> Create, Read (Id = 1013828052, Distance = 43.3333...)
                        |  |  |  ├> Create, Read (Id = 447132988, Distance = 43.3333...)
                        |  |  |  |  ├> Read (Id = -1521134294, Distance = 33.3333...)
                        |  |  |  |  └> Create (Id = 119308578, Distance = 5.00)
                        |  |  |  |     └> Create (Id = -1521134295, Distance = 0)
                        |  |  |  ├> Create (Id = -1521134295, Distance = 0)
                        |  |  |  ├> Create, Read (Id = 119308579, Distance = 38.3333...)
                        |  |  |  |  └> Read (Id = -1521134294, Distance = 33.3333...)
                        |  |  |  └> Create (Id = 119308578, Distance = 5.00)
                        |  |  └> Create, Read, Update (Id = 1133136630, Distance = 110.0000)
                        |  |     ├> Read, Update (Id = 1372007285, Distance = 105.0000)
                        |  |     |  ├> Read (Id = -1521134294, Distance = 33.3333...)
                        |  |     |  └> Read (Id = -1401825716, Distance = 71.6667...)
                        |  |     └> Create, Read (Id = -1074001307, Distance = 76.6667...)
                        |  |        ├> Read (Id = -1521134294, Distance = 33.3333...)
                        |  |        └> Read (Id = -1401825716, Distance = 71.6667...)
                        |  ├> Read (Id = -1521134294, Distance = 33.3333...)
                        |  ├> Read, Delete (Id = -1401825714, Distance = 138.3333...)
                        |  |  ├> Read, Delete (Id = -149127010, Distance = 138.3333...)
                        |  |  |  ├> Create, Read (Id = 119308579, Distance = 38.3333...)
                        |  |  |  |  ├> Create, Read (Id = -1401825717, Distance = 38.3333...)
                        |  |  |  |  |  └> Create (Id = -1521134295, Distance = 0)
                        |  |  |  |  └> Create (Id = -1521134295, Distance = 0)
                        |  |  |  └> Read, Update (Id = 1372007285, Distance = 105.0000)
                        |  |  |     └> Read (Id = -1401825716, Distance = 71.6667...)
                        |  |  ├> Create, Read (Id = -1401825717, Distance = 38.3333...)
                        |  |  |  └> Create (Id = -1521134295, Distance = 0)
                        |  |  └> Read, Update (Id = -1401825715, Distance = 105.0000)
                        |  |     ├> Read, Update (Id = 1372007285, Distance = 105.0000)
                        |  |     |  └> Read (Id = -1401825716, Distance = 71.6667...)
                        |  |     └> Read (Id = -1401825716, Distance = 71.6667...)
                        |  ├> Create, Read (Id = -1401825717, Distance = 38.3333...)
                        |  |  └> Create (Id = -1521134295, Distance = 0)
                        |  ├> Create, Read (Id = 447132988, Distance = 43.3333...)
                        |  |  └> Create (Id = 119308578, Distance = 5.00)
                        |  |     └> Create (Id = -1521134295, Distance = 0)
                        |  └> Create, Read, Update (Id = 1699831694, Distance = 110.0000)
                        |     ├> Create, Read, Update (Id = 1133136630, Distance = 110.0000)
                        |     |  ├> Read, Update (Id = 1372007285, Distance = 105.0000)
                        |     |  |  └> Read (Id = -1401825716, Distance = 71.6667...)
                        |     |  └> Create, Read (Id = -1074001307, Distance = 76.6667...)
                        |     |     └> Read (Id = -1401825716, Distance = 71.6667...)
                        |     ├> Read, Update (Id = -1401825715, Distance = 105.0000)
                        |     |  ├> Read, Update (Id = 1372007285, Distance = 105.0000)
                        |     |  |  └> Read (Id = -1401825716, Distance = 71.6667...)
                        |     |  └> Read (Id = -1401825716, Distance = 71.6667...)
                        |     └> Create, Read (Id = -1074001307, Distance = 76.6667...)
                        |        └> Read (Id = -1401825716, Distance = 71.6667...)
                        ├> Create, Update (Id = -1640696371, Distance = 76.6667...)
                        |  ├> Create (Id = 119308578, Distance = 5.00)
                        |  |  └> Create (Id = -1521134295, Distance = 0)
                        |  └> Create, Read (Id = 447132988, Distance = 43.3333...)
                        |     ├> Read (Id = -1521134294, Distance = 33.3333...)
                        |     └> Create, Read (Id = -1401825717, Distance = 38.3333...)
                        |        └> Create (Id = -1521134295, Distance = 0)
                        └> Create, Update (Id = -387997665, Distance = 143.3333...)
                           └> Update (Id = 1372007286, Distance = 138.3333...)
                              └> Read, Update (Id = -1401825715, Distance = 105.0000)
                                 └> Read, Update (Id = 1372007285, Distance = 105.0000)
                                    ├> Read (Id = -1521134294, Distance = 33.3333...)
                                    └> Read (Id = -1401825716, Distance = 71.6667...)
