[
  {
    "min": 0,
    "max": 10,
    "value": 3
  },
  {
    "min": 0,
    "max": 100,
    "value": 38
  },
  {
    "min": 0,
    "max": 1000,
    "value": 383
  },
  {
    "min": -10,
    "max": 0,
    "value": -7
  },
  {
    "min": -100,
    "max": 0,
    "value": -62
  },
  {
    "min": -1000,
    "max": 0,
    "value": -617
  },
  {
    "min": -10,
    "max": 10,
    "value": -3
  },
  {
    "min": -100,
    "max": 100,
    "value": -24
  },
  {
    "min": -1000,
    "max": 1000,
    "value": -234
  }
]
