[
  {
    "Family": 8,
    "Seed": 8,
    "Order": 0
  },
  {
    "Family": 8,
    "Seed": 1944859510,
    "Order": 1
  },
  {
    "Family": 8,
    "Seed": 626456109,
    "Order": 2
  },
  {
    "Family": 8,
    "Seed": 636234907,
    "Order": 3
  },
  {
    "Family": 8,
    "Seed": 1962396392,
    "Order": 4
  },
  {
    "Family": 8,
    "Seed": 817040450,
    "Order": 5
  },
  {
    "Family": 8,
    "Seed": 1122540838,
    "Order": 6
  },
  {
    "Family": 8,
    "Seed": 1521547618,
    "Order": 7
  },
  {
    "Family": 8,
    "Seed": 243997217,
    "Order": 8
  },
  {
    "Family": 8,
    "Seed": 1028091288,
    "Order": 9
  },
  {
    "Family": 8,
    "Seed": 1878519060,
    "Order": 10
  }
]
