[
  {
    "min": 0,
    "max": 10,
    "value": 7
  },
  {
    "min": 0,
    "max": 100,
    "value": 77
  },
  {
    "min": 0,
    "max": 1000,
    "value": 771
  },
  {
    "min": -10,
    "max": 0,
    "value": -3
  },
  {
    "min": -100,
    "max": 0,
    "value": -23
  },
  {
    "min": -1000,
    "max": 0,
    "value": -229
  },
  {
    "min": -10,
    "max": 10,
    "value": 5
  },
  {
    "min": -100,
    "max": 100,
    "value": 54
  },
  {
    "min": -1000,
    "max": 1000,
    "value": 542
  }
]
