[
  {
    "Family": 6,
    "Seed": 6,
    "Order": 0
  },
  {
    "Family": 6,
    "Seed": 1848543519,
    "Order": 1
  },
  {
    "Family": 6,
    "Seed": 927935544,
    "Order": 2
  },
  {
    "Family": 6,
    "Seed": 1820437436,
    "Order": 3
  },
  {
    "Family": 6,
    "Seed": 408457430,
    "Order": 4
  },
  {
    "Family": 6,
    "Seed": 1990457569,
    "Order": 5
  },
  {
    "Family": 6,
    "Seed": 1269605170,
    "Order": 6
  },
  {
    "Family": 6,
    "Seed": 1201819416,
    "Order": 7
  },
  {
    "Family": 6,
    "Seed": 1564750008,
    "Order": 8
  },
  {
    "Family": 6,
    "Seed": 607934393,
    "Order": 9
  },
  {
    "Family": 6,
    "Seed": 2138137961,
    "Order": 10
  }
]
