[
  {
    "Family": 9,
    "Seed": 9,
    "Order": 0
  },
  {
    "Family": 9,
    "Seed": 919275682,
    "Order": 1
  },
  {
    "Family": 9,
    "Seed": 1549458215,
    "Order": 2
  },
  {
    "Family": 9,
    "Seed": 1117875466,
    "Order": 3
  },
  {
    "Family": 9,
    "Seed": 591882226,
    "Order": 4
  },
  {
    "Family": 9,
    "Seed": 1304073714,
    "Order": 5
  },
  {
    "Family": 9,
    "Seed": 1049008672,
    "Order": 6
  },
  {
    "Family": 9,
    "Seed": 1681411719,
    "Order": 7
  },
  {
    "Family": 9,
    "Seed": 657362645,
    "Order": 8
  },
  {
    "Family": 9,
    "Seed": 164427912,
    "Order": 9
  },
  {
    "Family": 9,
    "Seed": 674967786,
    "Order": 10
  }
]
