[
  {
    "min": 0,
    "max": 10,
    "value": 8
  },
  {
    "min": 0,
    "max": 100,
    "value": 81
  },
  {
    "min": 0,
    "max": 1000,
    "value": 815
  },
  {
    "min": -10,
    "max": 0,
    "value": -2
  },
  {
    "min": -100,
    "max": 0,
    "value": -19
  },
  {
    "min": -1000,
    "max": 0,
    "value": -185
  },
  {
    "min": -10,
    "max": 10,
    "value": 6
  },
  {
    "min": -100,
    "max": 100,
    "value": 63
  },
  {
    "min": -1000,
    "max": 1000,
    "value": 631
  }
]
