[
  {
    "Seed": 2,
    "Order": 0
  },
  {
    "Seed": 1655911537,
    "Order": 1
  },
  {
    "Seed": 1530894414,
    "Order": 2
  },
  {
    "Seed": 2041358847,
    "Order": 3
  },
  {
    "Seed": 1595546800,
    "Order": 4
  },
  {
    "Seed": 42324513,
    "Order": 5
  },
  {
    "Seed": 1563733834,
    "Order": 6
  },
  {
    "Seed": 562363012,
    "Order": 7
  },
  {
    "Seed": 2058771943,
    "Order": 8
  },
  {
    "Seed": 1915104250,
    "Order": 9
  },
  {
    "Seed": 509892116,
    "Order": 10
  }
]
