[
  {
    "min": 0,
    "max": 10,
    "value": 9
  },
  {
    "min": 0,
    "max": 100,
    "value": 90
  },
  {
    "min": 0,
    "max": 1000,
    "value": 905
  },
  {
    "min": -10,
    "max": 0,
    "value": -1
  },
  {
    "min": -100,
    "max": 0,
    "value": -10
  },
  {
    "min": -1000,
    "max": 0,
    "value": -95
  },
  {
    "min": -10,
    "max": 10,
    "value": 8
  },
  {
    "min": -100,
    "max": 100,
    "value": 81
  },
  {
    "min": -1000,
    "max": 1000,
    "value": 811
  }
]
