Sampled 100 values (0 discarded):

Sample[0]: (no value)
Sample[1]: (no value)
Sample[2]: (no value)
Sample[3]: (no value)
Sample[4]: (no value)
Sample[5]: (no value)
Sample[6]: (no value)
Sample[7]: (no value)
Sample[8]: (no value)
Sample[9]: (no value)
Sample[10]: (no value)
Sample[11]: (no value)
Sample[12]: (no value)
Sample[13]: (no value)
Sample[14]: (no value)
Sample[15]: (no value)
Sample[16]: (no value)
Sample[17]: (no value)
Sample[18]: (no value)
Sample[19]: (no value)
Sample[20]: (no value)
Sample[21]: (no value)
Sample[22]: (no value)
Sample[23]: (no value)
Sample[24]: (no value)
Sample[25]: (no value)
Sample[26]: (no value)
Sample[27]: (no value)
Sample[28]: (no value)
Sample[29]: (no value)
Sample[30]: (no value)
Sample[31]: (no value)
Sample[32]: (no value)
Sample[33]: (no value)
Sample[34]: (no value)
Sample[35]: (no value)
Sample[36]: (no value)
Sample[37]: (no value)
Sample[38]: (no value)
Sample[39]: (no value)
Sample[40]: (no value)
Sample[41]: (no value)
Sample[42]: (no value)
Sample[43]: (no value)
Sample[44]: (no value)
Sample[45]: (no value)
Sample[46]: (no value)
Sample[47]: (no value)
Sample[48]: (no value)
Sample[49]: (no value)
Sample[50]: (no value)
Sample[51]: (no value)
Sample[52]: (no value)
Sample[53]: (no value)
Sample[54]: (no value)
Sample[55]: (no value)
Sample[56]: (no value)
Sample[57]: (no value)
Sample[58]: (no value)
Sample[59]: (no value)
Sample[60]: (no value)
Sample[61]: (no value)
Sample[62]: (no value)
Sample[63]: (no value)
Sample[64]: (no value)
Sample[65]: (no value)
Sample[66]: (no value)
Sample[67]: (no value)
Sample[68]: (no value)
Sample[69]: (no value)
Sample[70]: (no value)
Sample[71]: (no value)
Sample[72]: (no value)
Sample[73]: (no value)
Sample[74]: (no value)
Sample[75]: (no value)
Sample[76]: (no value)
Sample[77]: (no value)
Sample[78]: (no value)
Sample[79]: (no value)
Sample[80]: (no value)
Sample[81]: (no value)
Sample[82]: (no value)
Sample[83]: (no value)
Sample[84]: (no value)
Sample[85]: (no value)
Sample[86]: (no value)
Sample[87]: (no value)
Sample[88]: (no value)
Sample[89]: (no value)
Sample[90]: (no value)
Sample[91]: (no value)
Sample[92]: (no value)
Sample[93]: (no value)
Sample[94]: (no value)
Sample[95]: (no value)
Sample[96]: (no value)
Sample[97]: (no value)
Sample[98]: (no value)
Sample[99]: (no value)
